#
# There is insufficient memory for the Java Runtime Environment to continue.
# Native memory allocation (malloc) failed to allocate 2188400 bytes. Error detail: Chunk::new
# Possible reasons:
#   The system is out of physical RAM or swap space
#   This process is running with CompressedOops enabled, and the Java Heap may be blocking the growth of the native heap
# Possible solutions:
#   Reduce memory load on the system
#   Increase physical memory or swap space
#   Check if swap backing store is full
#   Decrease Java heap size (-Xmx/-Xms)
#   Decrease number of Java threads
#   Decrease Java thread stack sizes (-Xss)
#   Set larger code cache with -XX:ReservedCodeCacheSize=
#   JVM is running with Unscaled Compressed Oops mode in which the Java heap is
#     placed in the first 4GB address space. The Java Heap base address is the
#     maximum limit for the native heap growth. Please use -XX:HeapBaseMinAddress
#     to set the Java Heap base and to place the Java Heap above 4GB virtual address.
# This output file may be truncated or incomplete.
#
#  Out of Memory Error (arena.cpp:168), pid=7304, tid=13444
#
# JRE version: OpenJDK Runtime Environment (21.0.7) (build 21.0.7+-13880790-b1038.58)
# Java VM: OpenJDK 64-Bit Server VM (21.0.7+-13880790-b1038.58, mixed mode, tiered, compressed oops, compressed class ptrs, g1 gc, windows-amd64)
# No core dump will be written. Minidumps are not enabled by default on client versions of Windows
#

---------------  S U M M A R Y ------------

Command Line: --add-opens=java.base/java.lang=ALL-UNNAMED --add-opens=java.base/java.lang.invoke=ALL-UNNAMED --add-opens=java.base/java.util=ALL-UNNAMED --add-opens=java.prefs/java.util.prefs=ALL-UNNAMED --add-exports=jdk.compiler/com.sun.tools.javac.api=ALL-UNNAMED --add-exports=jdk.compiler/com.sun.tools.javac.util=ALL-UNNAMED --add-opens=java.base/java.util=ALL-UNNAMED --add-opens=java.prefs/java.util.prefs=ALL-UNNAMED --add-opens=java.base/java.nio.charset=ALL-UNNAMED --add-opens=java.base/java.net=ALL-UNNAMED --add-opens=java.base/java.util.concurrent.atomic=ALL-UNNAMED --add-opens=java.xml/javax.xml.namespace=ALL-UNNAMED -Xmx2048m -Dfile.encoding=UTF-8 -Duser.country=US -Duser.language=en -Duser.variant -javaagent:C:\Users\deepa\.gradle\wrapper\dists\gradle-8.13-bin\5xuhj0ry160q40clulazy9h7d\gradle-8.13\lib\agents\gradle-instrumentation-agent-8.13.jar org.gradle.launcher.daemon.bootstrap.GradleDaemon 8.13

Host: Intel(R) Core(TM) i5-10500H CPU @ 2.50GHz, 12 cores, 7G,  Windows 11 , 64 bit Build 26100 (10.0.26100.4768)
Time: Mon Sep  8 22:27:06 2025 W. Europe Daylight Time elapsed time: 20.359110 seconds (0d 0h 0m 20s)

---------------  T H R E A D  ---------------

Current thread (0x0000028d260a2100):  JavaThread "C2 CompilerThread2" daemon [_thread_in_native, id=13444, stack(0x0000009a38500000,0x0000009a38600000) (1024K)]


Current CompileTask:
C2:20359 3522   !   4       java.lang.ClassLoader::loadClass (121 bytes)

Stack: [0x0000009a38500000,0x0000009a38600000]
Native frames: (J=compiled Java code, j=interpreted, Vv=VM code, C=native code)
V  [jvm.dll+0x6d25c9]
V  [jvm.dll+0x860923]
V  [jvm.dll+0x862e7e]
V  [jvm.dll+0x863563]
V  [jvm.dll+0x27f156]
V  [jvm.dll+0xc002d]
V  [jvm.dll+0xc0563]
V  [jvm.dll+0x3b6d3b]
V  [jvm.dll+0x1de922]
V  [jvm.dll+0x247fc4]
V  [jvm.dll+0x247441]
V  [jvm.dll+0x1c5fb4]
V  [jvm.dll+0x256bac]
V  [jvm.dll+0x2550f6]
V  [jvm.dll+0x3f1d16]
V  [jvm.dll+0x808d08]
V  [jvm.dll+0x6d0e1d]
C  [ucrtbase.dll+0x37b0]
C  [KERNEL32.DLL+0x2e8d7]
C  [ntdll.dll+0x3c34c]


---------------  P R O C E S S  ---------------

Threads class SMR info:
_java_thread_list=0x0000028d27247610, length=42, elements={
0x0000028d07b05d60, 0x0000028d26039200, 0x0000028d2603b180, 0x0000028d2607a660,
0x0000028d26084250, 0x0000028d26095c40, 0x0000028d26097210, 0x0000028d260987e0,
0x0000028d2609db10, 0x0000028d260a50b0, 0x0000028d26332c20, 0x0000028d26457650,
0x0000028d27c3b050, 0x0000028d27c928b0, 0x0000028d27ce8660, 0x0000028d27e8f160,
0x0000028d27192690, 0x0000028d27192d00, 0x0000028d26825e20, 0x0000028d268264b0,
0x0000028d26823d50, 0x0000028d268271d0, 0x0000028d26826b40, 0x0000028d268243e0,
0x0000028d260a49e0, 0x0000028d26824a70, 0x0000028d26825790, 0x0000028d260a2100,
0x0000028d2a5faca0, 0x0000028d2a5fb9c0, 0x0000028d2a5fd400, 0x0000028d2a5fc050,
0x0000028d2a5fc6e0, 0x0000028d2a5fa610, 0x0000028d2a5fcd70, 0x0000028d2a5fb330,
0x0000028d2a5fda90, 0x0000028d28e7faa0, 0x0000028d28e7ed80, 0x0000028d28e7d340,
0x0000028d28e7e6f0, 0x0000028d28e807c0
}

Java Threads: ( => current thread )
  0x0000028d07b05d60 JavaThread "main"                              [_thread_blocked, id=3348, stack(0x0000009a35800000,0x0000009a35900000) (1024K)]
  0x0000028d26039200 JavaThread "Common-Cleaner"             daemon [_thread_blocked, id=25756, stack(0x0000009a36000000,0x0000009a36100000) (1024K)]
  0x0000028d2603b180 JavaThread "Reference Handler"          daemon [_thread_blocked, id=20344, stack(0x0000009a36100000,0x0000009a36200000) (1024K)]
  0x0000028d2607a660 JavaThread "Finalizer"                  daemon [_thread_blocked, id=13648, stack(0x0000009a36200000,0x0000009a36300000) (1024K)]
  0x0000028d26084250 JavaThread "Signal Dispatcher"          daemon [_thread_blocked, id=388, stack(0x0000009a36300000,0x0000009a36400000) (1024K)]
  0x0000028d26095c40 JavaThread "Attach Listener"            daemon [_thread_blocked, id=12684, stack(0x0000009a36400000,0x0000009a36500000) (1024K)]
  0x0000028d26097210 JavaThread "Service Thread"             daemon [_thread_blocked, id=8904, stack(0x0000009a36500000,0x0000009a36600000) (1024K)]
  0x0000028d260987e0 JavaThread "Monitor Deflation Thread"   daemon [_thread_blocked, id=11480, stack(0x0000009a36600000,0x0000009a36700000) (1024K)]
  0x0000028d2609db10 JavaThread "C2 CompilerThread0"         daemon [_thread_blocked, id=19476, stack(0x0000009a36700000,0x0000009a36800000) (1024K)]
  0x0000028d260a50b0 JavaThread "C1 CompilerThread0"         daemon [_thread_blocked, id=8700, stack(0x0000009a36800000,0x0000009a36900000) (1024K)]
  0x0000028d26332c20 JavaThread "Notification Thread"        daemon [_thread_blocked, id=2004, stack(0x0000009a36900000,0x0000009a36a00000) (1024K)]
  0x0000028d26457650 JavaThread "Daemon health stats"               [_thread_blocked, id=20016, stack(0x0000009a37000000,0x0000009a37100000) (1024K)]
  0x0000028d27c3b050 JavaThread "Incoming local TCP Connector on port 61915"        [_thread_in_native, id=3888, stack(0x0000009a36f00000,0x0000009a37000000) (1024K)]
  0x0000028d27c928b0 JavaThread "Daemon periodic checks"            [_thread_blocked, id=20788, stack(0x0000009a37200000,0x0000009a37300000) (1024K)]
  0x0000028d27ce8660 JavaThread "Daemon"                            [_thread_blocked, id=6960, stack(0x0000009a37300000,0x0000009a37400000) (1024K)]
  0x0000028d27e8f160 JavaThread "Handler for socket connection from /127.0.0.1:61915 to /127.0.0.1:61916"        [_thread_in_native, id=11360, stack(0x0000009a37400000,0x0000009a37500000) (1024K)]
  0x0000028d27192690 JavaThread "Cancel handler"                    [_thread_blocked, id=9488, stack(0x0000009a37500000,0x0000009a37600000) (1024K)]
  0x0000028d27192d00 JavaThread "Daemon worker"                     [_thread_blocked, id=408, stack(0x0000009a37600000,0x0000009a37700000) (1024K)]
  0x0000028d26825e20 JavaThread "Asynchronous log dispatcher for DefaultDaemonConnection: socket connection from /127.0.0.1:61915 to /127.0.0.1:61916"        [_thread_blocked, id=23112, stack(0x0000009a37700000,0x0000009a37800000) (1024K)]
  0x0000028d268264b0 JavaThread "Stdin handler"                     [_thread_blocked, id=15484, stack(0x0000009a37800000,0x0000009a37900000) (1024K)]
  0x0000028d26823d50 JavaThread "Daemon client event forwarder"        [_thread_blocked, id=11884, stack(0x0000009a37900000,0x0000009a37a00000) (1024K)]
  0x0000028d268271d0 JavaThread "Cache worker for journal cache (C:\Users\deepa\.gradle\caches\journal-1)"        [_thread_blocked, id=12448, stack(0x0000009a37100000,0x0000009a37200000) (1024K)]
  0x0000028d26826b40 JavaThread "File lock request listener"        [_thread_in_native, id=17160, stack(0x0000009a38000000,0x0000009a38100000) (1024K)]
  0x0000028d268243e0 JavaThread "Cache worker for file hash cache (C:\Users\deepa\.gradle\caches\8.13\fileHashes)"        [_thread_blocked, id=26060, stack(0x0000009a38200000,0x0000009a38300000) (1024K)]
  0x0000028d260a49e0 JavaThread "C2 CompilerThread1"         daemon [_thread_blocked, id=18268, stack(0x0000009a38100000,0x0000009a38200000) (1024K)]
  0x0000028d26824a70 JavaThread "Cache worker for file hash cache (E:\Mob_Sys\MyApplication2\.gradle\8.13\fileHashes)"        [_thread_blocked, id=21192, stack(0x0000009a38300000,0x0000009a38400000) (1024K)]
  0x0000028d26825790 JavaThread "Cache worker for Build Output Cleanup Cache (E:\Mob_Sys\MyApplication2\.gradle\buildOutputCleanup)"        [_thread_blocked, id=24164, stack(0x0000009a38400000,0x0000009a38500000) (1024K)]
=>0x0000028d260a2100 JavaThread "C2 CompilerThread2"         daemon [_thread_in_native, id=13444, stack(0x0000009a38500000,0x0000009a38600000) (1024K)]
  0x0000028d2a5faca0 JavaThread "File watcher server"        daemon [_thread_in_native, id=22668, stack(0x0000009a38600000,0x0000009a38700000) (1024K)]
  0x0000028d2a5fb9c0 JavaThread "File watcher consumer"      daemon [_thread_blocked, id=23720, stack(0x0000009a38700000,0x0000009a38800000) (1024K)]
  0x0000028d2a5fd400 JavaThread "jar transforms"                    [_thread_blocked, id=9676, stack(0x0000009a38800000,0x0000009a38900000) (1024K)]
  0x0000028d2a5fc050 JavaThread "jar transforms Thread 2"           [_thread_blocked, id=27580, stack(0x0000009a38900000,0x0000009a38a00000) (1024K)]
  0x0000028d2a5fc6e0 JavaThread "jar transforms Thread 3"           [_thread_blocked, id=21208, stack(0x0000009a38a00000,0x0000009a38b00000) (1024K)]
  0x0000028d2a5fa610 JavaThread "jar transforms Thread 4"           [_thread_blocked, id=9076, stack(0x0000009a38b00000,0x0000009a38c00000) (1024K)]
  0x0000028d2a5fcd70 JavaThread "jar transforms Thread 5"           [_thread_blocked, id=24108, stack(0x0000009a38c00000,0x0000009a38d00000) (1024K)]
  0x0000028d2a5fb330 JavaThread "jar transforms Thread 6"           [_thread_blocked, id=4916, stack(0x0000009a38d00000,0x0000009a38e00000) (1024K)]
  0x0000028d2a5fda90 JavaThread "jar transforms Thread 7"           [_thread_blocked, id=23836, stack(0x0000009a38e00000,0x0000009a38f00000) (1024K)]
  0x0000028d28e7faa0 JavaThread "jar transforms Thread 8"           [_thread_blocked, id=26516, stack(0x0000009a38f00000,0x0000009a39000000) (1024K)]
  0x0000028d28e7ed80 JavaThread "jar transforms Thread 9"           [_thread_blocked, id=21332, stack(0x0000009a39000000,0x0000009a39100000) (1024K)]
  0x0000028d28e7d340 JavaThread "jar transforms Thread 10"          [_thread_blocked, id=8124, stack(0x0000009a39100000,0x0000009a39200000) (1024K)]
  0x0000028d28e7e6f0 JavaThread "jar transforms Thread 11"          [_thread_blocked, id=18892, stack(0x0000009a39200000,0x0000009a39300000) (1024K)]
  0x0000028d28e807c0 JavaThread "jar transforms Thread 12"          [_thread_blocked, id=26988, stack(0x0000009a39300000,0x0000009a39400000) (1024K)]
Total: 42

Other Threads:
  0x0000028d21aee550 VMThread "VM Thread"                           [id=16880, stack(0x0000009a35f00000,0x0000009a36000000) (1024K)]
  0x0000028d21a6ce50 WatcherThread "VM Periodic Task Thread"        [id=19080, stack(0x0000009a35e00000,0x0000009a35f00000) (1024K)]
  0x0000028d0a004080 WorkerThread "GC Thread#0"                     [id=4520, stack(0x0000009a35900000,0x0000009a35a00000) (1024K)]
  0x0000028d2698f030 WorkerThread "GC Thread#1"                     [id=12748, stack(0x0000009a36c00000,0x0000009a36d00000) (1024K)]
  0x0000028d2685fe20 WorkerThread "GC Thread#2"                     [id=17356, stack(0x0000009a36d00000,0x0000009a36e00000) (1024K)]
  0x0000028d26781b30 WorkerThread "GC Thread#3"                     [id=24556, stack(0x0000009a36a00000,0x0000009a36b00000) (1024K)]
  0x0000028d26781ed0 WorkerThread "GC Thread#4"                     [id=7028, stack(0x0000009a36b00000,0x0000009a36c00000) (1024K)]
  0x0000028d27bbd000 WorkerThread "GC Thread#5"                     [id=19008, stack(0x0000009a36e00000,0x0000009a36f00000) (1024K)]
  0x0000028d264c2340 WorkerThread "GC Thread#6"                     [id=17088, stack(0x0000009a37a00000,0x0000009a37b00000) (1024K)]
  0x0000028d264c1990 WorkerThread "GC Thread#7"                     [id=17280, stack(0x0000009a37b00000,0x0000009a37c00000) (1024K)]
  0x0000028d27e2b2f0 WorkerThread "GC Thread#8"                     [id=15708, stack(0x0000009a37c00000,0x0000009a37d00000) (1024K)]
  0x0000028d27e2b690 WorkerThread "GC Thread#9"                     [id=16324, stack(0x0000009a37d00000,0x0000009a37e00000) (1024K)]
  0x0000028d0a014f70 ConcurrentGCThread "G1 Main Marker"            [id=20252, stack(0x0000009a35a00000,0x0000009a35b00000) (1024K)]
  0x0000028d0a0167c0 WorkerThread "G1 Conc#0"                       [id=21140, stack(0x0000009a35b00000,0x0000009a35c00000) (1024K)]
  0x0000028d27d0fc50 WorkerThread "G1 Conc#1"                       [id=19936, stack(0x0000009a37e00000,0x0000009a37f00000) (1024K)]
  0x0000028d27d0de90 WorkerThread "G1 Conc#2"                       [id=19244, stack(0x0000009a37f00000,0x0000009a38000000) (1024K)]
  0x0000028d21940570 ConcurrentGCThread "G1 Refine#0"               [id=23432, stack(0x0000009a35c00000,0x0000009a35d00000) (1024K)]
  0x0000028d21940e90 ConcurrentGCThread "G1 Service"                [id=24312, stack(0x0000009a35d00000,0x0000009a35e00000) (1024K)]
Total: 18

Threads with active compile tasks:
C2 CompilerThread2  20390 3522   !   4       java.lang.ClassLoader::loadClass (121 bytes)
Total: 1

VM state: at safepoint (normal execution)

VM Mutex/Monitor currently owned by a thread:  ([mutex/lock_event])
[0x00007ff945081468] Threads_lock - owner thread: 0x0000028d21aee550
[0x00007ff945081568] Heap_lock - owner thread: 0x0000028d27192d00

Heap address: 0x0000000080000000, size: 2048 MB, Compressed Oops mode: 32-bit

CDS archive(s) not mapped
Compressed class space mapped at: 0x0000000100000000-0x0000000140000000, reserved size: 1073741824
Narrow klass base: 0x0000000000000000, Narrow klass shift: 3, Narrow klass range: 0x140000000

GC Precious Log:
 CardTable entry size: 512
 Card Set container configuration: InlinePtr #cards 5 size 8 Array Of Cards #cards 12 size 40 Howl #buckets 4 coarsen threshold 1843 Howl Bitmap #cards 512 size 80 coarsen threshold 460 Card regions per heap region 1 cards per card region 2048
 CPUs: 12 total, 12 available
 Memory: 8013M
 Large Page Support: Disabled
 NUMA Support: Disabled
 Compressed Oops: Enabled (32-bit)
 Heap Region Size: 1M
 Heap Min Capacity: 8M
 Heap Initial Capacity: 126M
 Heap Max Capacity: 2G
 Pre-touch: Disabled
 Parallel Workers: 10
 Concurrent Workers: 3
 Concurrent Refinement Workers: 10
 Periodic GC: Disabled

Heap:
 garbage-first heap   total 79872K, used 61170K [0x0000000080000000, 0x0000000100000000)
  region size 1024K, 2 young (2048K), 2 survivors (2048K)
 Metaspace       used 37600K, committed 38464K, reserved 1114112K
  class space    used 5161K, committed 5568K, reserved 1048576K

Heap Regions: E=young(eden), S=young(survivor), O=old, HS=humongous(starts), HC=humongous(continues), CS=collection set, F=free, TAMS=top-at-mark-start, PB=parsable bottom
|   0|0x0000000080000000, 0x0000000080100000, 0x0000000080100000|100%|HS|  |TAMS 0x0000000080000000| PB 0x0000000080000000| Complete 
|   1|0x0000000080100000, 0x0000000080200000, 0x0000000080200000|100%|HC|  |TAMS 0x0000000080100000| PB 0x0000000080100000| Complete 
|   2|0x0000000080200000, 0x0000000080300000, 0x0000000080300000|100%|HC|  |TAMS 0x0000000080200000| PB 0x0000000080200000| Complete 
|   3|0x0000000080300000, 0x0000000080400000, 0x0000000080400000|100%| O|  |TAMS 0x0000000080300000| PB 0x0000000080300000| Untracked 
|   4|0x0000000080400000, 0x0000000080500000, 0x0000000080500000|100%| O|  |TAMS 0x0000000080400000| PB 0x0000000080400000| Untracked 
|   5|0x0000000080500000, 0x0000000080600000, 0x0000000080600000|100%| O|  |TAMS 0x0000000080500000| PB 0x0000000080500000| Untracked 
|   6|0x0000000080600000, 0x0000000080700000, 0x0000000080700000|100%|HS|  |TAMS 0x0000000080600000| PB 0x0000000080600000| Complete 
|   7|0x0000000080700000, 0x0000000080800000, 0x0000000080800000|100%| O|  |TAMS 0x0000000080700000| PB 0x0000000080700000| Untracked 
|   8|0x0000000080800000, 0x0000000080900000, 0x0000000080900000|100%| O|  |TAMS 0x0000000080800000| PB 0x0000000080800000| Untracked 
|   9|0x0000000080900000, 0x0000000080a00000, 0x0000000080a00000|100%| O|  |TAMS 0x0000000080900000| PB 0x0000000080900000| Untracked 
|  10|0x0000000080a00000, 0x0000000080b00000, 0x0000000080b00000|100%| O|  |TAMS 0x0000000080a00000| PB 0x0000000080a00000| Untracked 
|  11|0x0000000080b00000, 0x0000000080c00000, 0x0000000080c00000|100%| O|  |TAMS 0x0000000080b00000| PB 0x0000000080b00000| Untracked 
|  12|0x0000000080c00000, 0x0000000080cd41f0, 0x0000000080d00000| 82%| O|  |TAMS 0x0000000080c00000| PB 0x0000000080c00000| Untracked 
|  13|0x0000000080d00000, 0x0000000080e00000, 0x0000000080e00000|100%| O|  |TAMS 0x0000000080d00000| PB 0x0000000080d00000| Untracked 
|  14|0x0000000080e00000, 0x0000000080f00000, 0x0000000080f00000|100%| O|  |TAMS 0x0000000080e00000| PB 0x0000000080e00000| Untracked 
|  15|0x0000000080f00000, 0x0000000081000000, 0x0000000081000000|100%| O|  |TAMS 0x0000000080f00000| PB 0x0000000080f00000| Untracked 
|  16|0x0000000081000000, 0x0000000081100000, 0x0000000081100000|100%| O|  |TAMS 0x0000000081000000| PB 0x0000000081000000| Untracked 
|  17|0x0000000081100000, 0x0000000081200000, 0x0000000081200000|100%| O|  |TAMS 0x0000000081100000| PB 0x0000000081100000| Untracked 
|  18|0x0000000081200000, 0x0000000081300000, 0x0000000081300000|100%| O|  |TAMS 0x0000000081200000| PB 0x0000000081200000| Untracked 
|  19|0x0000000081300000, 0x0000000081300000, 0x0000000081400000|  0%| F|  |TAMS 0x0000000081300000| PB 0x0000000081300000| Untracked 
|  20|0x0000000081400000, 0x0000000081500000, 0x0000000081500000|100%| O|  |TAMS 0x0000000081400000| PB 0x0000000081400000| Untracked 
|  21|0x0000000081500000, 0x0000000081600000, 0x0000000081600000|100%| O|  |TAMS 0x0000000081500000| PB 0x0000000081500000| Untracked 
|  22|0x0000000081600000, 0x0000000081700000, 0x0000000081700000|100%|HS|  |TAMS 0x0000000081600000| PB 0x0000000081600000| Complete 
|  23|0x0000000081700000, 0x0000000081800000, 0x0000000081800000|100%|HC|  |TAMS 0x0000000081700000| PB 0x0000000081700000| Complete 
|  24|0x0000000081800000, 0x0000000081900000, 0x0000000081900000|100%|HC|  |TAMS 0x0000000081800000| PB 0x0000000081800000| Complete 
|  25|0x0000000081900000, 0x0000000081a00000, 0x0000000081a00000|100%|HC|  |TAMS 0x0000000081900000| PB 0x0000000081900000| Complete 
|  26|0x0000000081a00000, 0x0000000081b00000, 0x0000000081b00000|100%|HC|  |TAMS 0x0000000081a00000| PB 0x0000000081a00000| Complete 
|  27|0x0000000081b00000, 0x0000000081c00000, 0x0000000081c00000|100%|HC|  |TAMS 0x0000000081b00000| PB 0x0000000081b00000| Complete 
|  28|0x0000000081c00000, 0x0000000081d00000, 0x0000000081d00000|100%|HS|  |TAMS 0x0000000081c00000| PB 0x0000000081c00000| Complete 
|  29|0x0000000081d00000, 0x0000000081e00000, 0x0000000081e00000|100%|HS|  |TAMS 0x0000000081d00000| PB 0x0000000081d00000| Complete 
|  30|0x0000000081e00000, 0x0000000081f00000, 0x0000000081f00000|100%|HS|  |TAMS 0x0000000081e00000| PB 0x0000000081e00000| Complete 
|  31|0x0000000081f00000, 0x0000000082000000, 0x0000000082000000|100%| O|  |TAMS 0x0000000081f00000| PB 0x0000000081f00000| Untracked 
|  32|0x0000000082000000, 0x0000000082100000, 0x0000000082100000|100%|HS|  |TAMS 0x0000000082000000| PB 0x0000000082000000| Complete 
|  33|0x0000000082100000, 0x0000000082200000, 0x0000000082200000|100%|HC|  |TAMS 0x0000000082100000| PB 0x0000000082100000| Complete 
|  34|0x0000000082200000, 0x0000000082300000, 0x0000000082300000|100%|HC|  |TAMS 0x0000000082200000| PB 0x0000000082200000| Complete 
|  35|0x0000000082300000, 0x0000000082400000, 0x0000000082400000|100%|HC|  |TAMS 0x0000000082300000| PB 0x0000000082300000| Complete 
|  36|0x0000000082400000, 0x0000000082500000, 0x0000000082500000|100%| O|  |TAMS 0x0000000082400000| PB 0x0000000082400000| Untracked 
|  37|0x0000000082500000, 0x0000000082600000, 0x0000000082600000|100%| O|  |TAMS 0x0000000082500000| PB 0x0000000082500000| Untracked 
|  38|0x0000000082600000, 0x0000000082700000, 0x0000000082700000|100%| O|  |TAMS 0x0000000082600000| PB 0x0000000082600000| Untracked 
|  39|0x0000000082700000, 0x0000000082800000, 0x0000000082800000|100%|HS|  |TAMS 0x0000000082700000| PB 0x0000000082700000| Complete 
|  40|0x0000000082800000, 0x0000000082900000, 0x0000000082900000|100%|HC|  |TAMS 0x0000000082800000| PB 0x0000000082800000| Complete 
|  41|0x0000000082900000, 0x0000000082a00000, 0x0000000082a00000|100%|HS|  |TAMS 0x0000000082900000| PB 0x0000000082900000| Complete 
|  42|0x0000000082a00000, 0x0000000082b00000, 0x0000000082b00000|100%|HC|  |TAMS 0x0000000082a00000| PB 0x0000000082a00000| Complete 
|  43|0x0000000082b00000, 0x0000000082c00000, 0x0000000082c00000|100%|HC|  |TAMS 0x0000000082b00000| PB 0x0000000082b00000| Complete 
|  44|0x0000000082c00000, 0x0000000082d00000, 0x0000000082d00000|100%|HC|  |TAMS 0x0000000082c00000| PB 0x0000000082c00000| Complete 
|  45|0x0000000082d00000, 0x0000000082e00000, 0x0000000082e00000|100%|HC|  |TAMS 0x0000000082d00000| PB 0x0000000082d00000| Complete 
|  46|0x0000000082e00000, 0x0000000082f00000, 0x0000000082f00000|100%|HC|  |TAMS 0x0000000082e00000| PB 0x0000000082e00000| Complete 
|  47|0x0000000082f00000, 0x0000000083000000, 0x0000000083000000|100%|HS|  |TAMS 0x0000000082f00000| PB 0x0000000082f00000| Complete 
|  48|0x0000000083000000, 0x0000000083100000, 0x0000000083100000|100%|HS|  |TAMS 0x0000000083000000| PB 0x0000000083000000| Complete 
|  49|0x0000000083100000, 0x0000000083200000, 0x0000000083200000|100%|HC|  |TAMS 0x0000000083100000| PB 0x0000000083100000| Complete 
|  50|0x0000000083200000, 0x0000000083300000, 0x0000000083300000|100%|HC|  |TAMS 0x0000000083200000| PB 0x0000000083200000| Complete 
|  51|0x0000000083300000, 0x0000000083400000, 0x0000000083400000|100%|HC|  |TAMS 0x0000000083300000| PB 0x0000000083300000| Complete 
|  52|0x0000000083400000, 0x0000000083500000, 0x0000000083500000|100%| O|  |TAMS 0x0000000083400000| PB 0x0000000083400000| Untracked 
|  53|0x0000000083500000, 0x0000000083543580, 0x0000000083600000| 26%| O|  |TAMS 0x0000000083500000| PB 0x0000000083500000| Untracked 
|  54|0x0000000083600000, 0x0000000083600000, 0x0000000083700000|  0%| F|  |TAMS 0x0000000083600000| PB 0x0000000083600000| Untracked 
|  55|0x0000000083700000, 0x00000000837a5258, 0x0000000083800000| 64%| S|CS|TAMS 0x0000000083700000| PB 0x0000000083700000| Complete 
|  56|0x0000000083800000, 0x0000000083900000, 0x0000000083900000|100%| S|CS|TAMS 0x0000000083800000| PB 0x0000000083800000| Complete 
|  57|0x0000000083900000, 0x0000000083900000, 0x0000000083a00000|  0%| F|  |TAMS 0x0000000083900000| PB 0x0000000083900000| Untracked 
|  58|0x0000000083a00000, 0x0000000083b00000, 0x0000000083b00000|100%|HS|  |TAMS 0x0000000083a00000| PB 0x0000000083a00000| Complete 
|  59|0x0000000083b00000, 0x0000000083c00000, 0x0000000083c00000|100%|HC|  |TAMS 0x0000000083b00000| PB 0x0000000083b00000| Complete 
|  60|0x0000000083c00000, 0x0000000083c00000, 0x0000000083d00000|  0%| F|  |TAMS 0x0000000083c00000| PB 0x0000000083c00000| Untracked 
|  61|0x0000000083d00000, 0x0000000083d00000, 0x0000000083e00000|  0%| F|  |TAMS 0x0000000083d00000| PB 0x0000000083d00000| Untracked 
|  62|0x0000000083e00000, 0x0000000083e00000, 0x0000000083f00000|  0%| F|  |TAMS 0x0000000083e00000| PB 0x0000000083e00000| Untracked 
|  63|0x0000000083f00000, 0x0000000083f00000, 0x0000000084000000|  0%| F|  |TAMS 0x0000000083f00000| PB 0x0000000083f00000| Untracked 
|  64|0x0000000084000000, 0x0000000084000000, 0x0000000084100000|  0%| F|  |TAMS 0x0000000084000000| PB 0x0000000084000000| Untracked 
|  91|0x0000000085b00000, 0x0000000085b00000, 0x0000000085c00000|  0%| F|  |TAMS 0x0000000085b00000| PB 0x0000000085b00000| Untracked 
|  92|0x0000000085c00000, 0x0000000085c00000, 0x0000000085d00000|  0%| F|  |TAMS 0x0000000085c00000| PB 0x0000000085c00000| Untracked 
|  93|0x0000000085d00000, 0x0000000085d00000, 0x0000000085e00000|  0%| F|  |TAMS 0x0000000085d00000| PB 0x0000000085d00000| Untracked 
|  94|0x0000000085e00000, 0x0000000085e00000, 0x0000000085f00000|  0%| F|  |TAMS 0x0000000085e00000| PB 0x0000000085e00000| Untracked 
|  95|0x0000000085f00000, 0x0000000085f00000, 0x0000000086000000|  0%| F|  |TAMS 0x0000000085f00000| PB 0x0000000085f00000| Untracked 
|  96|0x0000000086000000, 0x0000000086000000, 0x0000000086100000|  0%| F|  |TAMS 0x0000000086000000| PB 0x0000000086000000| Untracked 
|  97|0x0000000086100000, 0x0000000086100000, 0x0000000086200000|  0%| F|  |TAMS 0x0000000086100000| PB 0x0000000086100000| Untracked 
|  98|0x0000000086200000, 0x0000000086200000, 0x0000000086300000|  0%| F|  |TAMS 0x0000000086200000| PB 0x0000000086200000| Untracked 
| 125|0x0000000087d00000, 0x0000000087d00000, 0x0000000087e00000|  0%| F|  |TAMS 0x0000000087d00000| PB 0x0000000087d00000| Untracked 
|2044|0x00000000ffc00000, 0x00000000ffd00000, 0x00000000ffd00000|100%| O|  |TAMS 0x00000000ffc00000| PB 0x00000000ffc00000| Untracked 
|2045|0x00000000ffd00000, 0x00000000ffe00000, 0x00000000ffe00000|100%| O|  |TAMS 0x00000000ffd00000| PB 0x00000000ffd00000| Untracked 
|2046|0x00000000ffe00000, 0x00000000fff00000, 0x00000000fff00000|100%| O|  |TAMS 0x00000000ffe00000| PB 0x00000000ffe00000| Untracked 
|2047|0x00000000fff00000, 0x0000000100000000, 0x0000000100000000|100%| O|  |TAMS 0x00000000fff00000| PB 0x00000000fff00000| Untracked 

Card table byte_map: [0x0000028d1ca50000,0x0000028d1ce50000] _byte_map_base: 0x0000028d1c650000

Marking Bits: (CMBitMap*) 0x0000028d0a004690
 Bits: [0x0000028d1ce50000, 0x0000028d1ee50000)

Polling page: 0x0000028d07d50000

Metaspace:

Usage:
  Non-class:     31.68 MB used.
      Class:      5.04 MB used.
       Both:     36.72 MB used.

Virtual space:
  Non-class space:       64.00 MB reserved,      32.12 MB ( 50%) committed,  1 nodes.
      Class space:        1.00 GB reserved,       5.44 MB ( <1%) committed,  1 nodes.
             Both:        1.06 GB reserved,      37.56 MB (  3%) committed. 

Chunk freelists:
   Non-Class:  15.03 MB
       Class:  10.52 MB
        Both:  25.55 MB

MaxMetaspaceSize: unlimited
CompressedClassSpaceSize: 1.00 GB
Initial GC threshold: 21.00 MB
Current GC threshold: 58.69 MB
CDS: off
 - commit_granule_bytes: 65536.
 - commit_granule_words: 8192.
 - virtual_space_node_default_size: 8388608.
 - enlarge_chunks_in_place: 1.
 - use_allocation_guard: 0.


Internal statistics:

num_allocs_failed_limit: 6.
num_arena_births: 1524.
num_arena_deaths: 0.
num_vsnodes_births: 2.
num_vsnodes_deaths: 0.
num_space_committed: 601.
num_space_uncommitted: 0.
num_chunks_returned_to_freelist: 6.
num_chunks_taken_from_freelist: 2821.
num_chunk_merges: 6.
num_chunk_splits: 1789.
num_chunks_enlarged: 1077.
num_inconsistent_stats: 0.

CodeHeap 'non-profiled nmethods': size=120000Kb used=1901Kb max_used=1901Kb free=118098Kb
 bounds [0x0000028d14bd0000, 0x0000028d14e40000, 0x0000028d1c100000]
CodeHeap 'profiled nmethods': size=120000Kb used=6375Kb max_used=6681Kb free=113624Kb
 bounds [0x0000028d0d100000, 0x0000028d0d7a0000, 0x0000028d14630000]
CodeHeap 'non-nmethods': size=5760Kb used=1497Kb max_used=1586Kb free=4262Kb
 bounds [0x0000028d14630000, 0x0000028d148a0000, 0x0000028d14bd0000]
 total_blobs=3869 nmethods=3281 adapters=492
 compilation: enabled
              stopped_count=0, restarted_count=0
 full_count=0

Compilation events (20 events):
Event: 19.162 Thread 0x0000028d260a50b0 nmethod 3700 0x0000028d0d15ce90 code [0x0000028d0d15d1a0, 0x0000028d0d15e120]
Event: 19.162 Thread 0x0000028d260a50b0 3701       3       java.lang.StringLatin1::hashCode (52 bytes)
Event: 19.163 Thread 0x0000028d260a50b0 nmethod 3701 0x0000028d0d234110 code [0x0000028d0d2342e0, 0x0000028d0d234508]
Event: 19.163 Thread 0x0000028d260a50b0 3696       3       org.objectweb.asm.ClassReader::readClass (7 bytes)
Event: 19.164 Thread 0x0000028d260a50b0 nmethod 3696 0x0000028d0d233a10 code [0x0000028d0d233c00, 0x0000028d0d233f50]
Event: 19.164 Thread 0x0000028d260a50b0 3697       3       org.objectweb.asm.ClassReader::readStringish (16 bytes)
Event: 19.165 Thread 0x0000028d260a50b0 nmethod 3697 0x0000028d0d102a10 code [0x0000028d0d102be0, 0x0000028d0d102ec0]
Event: 19.165 Thread 0x0000028d260a50b0 3693       3       org.objectweb.asm.Type::getDescriptor (18 bytes)
Event: 19.166 Thread 0x0000028d260a50b0 nmethod 3693 0x0000028d0d102310 code [0x0000028d0d102500, 0x0000028d0d102890]
Event: 19.183 Thread 0x0000028d260a50b0 3702       3       org.objectweb.asm.Attribute::computeAttributesSize (62 bytes)
Event: 19.184 Thread 0x0000028d260a50b0 nmethod 3702 0x0000028d0d101d10 code [0x0000028d0d101ee0, 0x0000028d0d1021c8]
Event: 19.184 Thread 0x0000028d260a50b0 3703       3       org.objectweb.asm.AnnotationWriter::computeAnnotationsSize (66 bytes)
Event: 19.185 Thread 0x0000028d260a50b0 nmethod 3703 0x0000028d0d101690 code [0x0000028d0d101880, 0x0000028d0d101b80]
Event: 19.185 Thread 0x0000028d260a50b0 3704       3       org.objectweb.asm.AnnotationWriter::putAnnotations (67 bytes)
Event: 19.186 Thread 0x0000028d260a50b0 nmethod 3704 0x0000028d0d100e10 code [0x0000028d0d101040, 0x0000028d0d101418]
Event: 19.220 Thread 0x0000028d260a49e0 nmethod 3692 0x0000028d14bf7690 code [0x0000028d14bf7940, 0x0000028d14bf8bb8]
Event: 19.227 Thread 0x0000028d260a50b0 3705       3       org.gradle.internal.time.TimeSource$1::nanoTime (4 bytes)
Event: 19.227 Thread 0x0000028d260a50b0 nmethod 3705 0x0000028d0d100a90 code [0x0000028d0d100c40, 0x0000028d0d100d70]
Event: 19.247 Thread 0x0000028d260a50b0 3706       1       java.util.LinkedList::size (5 bytes)
Event: 19.247 Thread 0x0000028d260a50b0 nmethod 3706 0x0000028d14c09610 code [0x0000028d14c097a0, 0x0000028d14c09868]

GC Heap History (17 events):
Event: 3.270 GC heap before
{Heap before GC invocations=0 (full 0):
 garbage-first heap   total 129024K, used 22528K [0x0000000080000000, 0x0000000100000000)
  region size 1024K, 23 young (23552K), 0 survivors (0K)
 Metaspace       used 8079K, committed 8192K, reserved 1114112K
  class space    used 728K, committed 768K, reserved 1048576K
}
Event: 3.283 GC heap after
{Heap after GC invocations=1 (full 0):
 garbage-first heap   total 129024K, used 2367K [0x0000000080000000, 0x0000000100000000)
  region size 1024K, 3 young (3072K), 3 survivors (3072K)
 Metaspace       used 8079K, committed 8192K, reserved 1114112K
  class space    used 728K, committed 768K, reserved 1048576K
}
Event: 6.418 GC heap before
{Heap before GC invocations=1 (full 0):
 garbage-first heap   total 129024K, used 39231K [0x0000000080000000, 0x0000000100000000)
  region size 1024K, 37 young (37888K), 3 survivors (3072K)
 Metaspace       used 12322K, committed 12544K, reserved 1114112K
  class space    used 1315K, committed 1408K, reserved 1048576K
}
Event: 6.442 GC heap after
{Heap after GC invocations=2 (full 0):
 garbage-first heap   total 129024K, used 10627K [0x0000000080000000, 0x0000000100000000)
  region size 1024K, 5 young (5120K), 5 survivors (5120K)
 Metaspace       used 12322K, committed 12544K, reserved 1114112K
  class space    used 1315K, committed 1408K, reserved 1048576K
}
Event: 8.581 GC heap before
{Heap before GC invocations=2 (full 0):
 garbage-first heap   total 129024K, used 56707K [0x0000000080000000, 0x0000000100000000)
  region size 1024K, 48 young (49152K), 5 survivors (5120K)
 Metaspace       used 12748K, committed 12928K, reserved 1114112K
  class space    used 1386K, committed 1472K, reserved 1048576K
}
Event: 8.608 GC heap after
{Heap after GC invocations=3 (full 0):
 garbage-first heap   total 129024K, used 16850K [0x0000000080000000, 0x0000000100000000)
  region size 1024K, 5 young (5120K), 5 survivors (5120K)
 Metaspace       used 12748K, committed 12928K, reserved 1114112K
  class space    used 1386K, committed 1472K, reserved 1048576K
}
Event: 11.403 GC heap before
{Heap before GC invocations=3 (full 0):
 garbage-first heap   total 129024K, used 43474K [0x0000000080000000, 0x0000000100000000)
  region size 1024K, 32 young (32768K), 5 survivors (5120K)
 Metaspace       used 21201K, committed 21504K, reserved 1114112K
  class space    used 2460K, committed 2624K, reserved 1048576K
}
Event: 11.416 GC heap after
{Heap after GC invocations=4 (full 0):
 garbage-first heap   total 129024K, used 20292K [0x0000000080000000, 0x0000000100000000)
  region size 1024K, 8 young (8192K), 8 survivors (8192K)
 Metaspace       used 21201K, committed 21504K, reserved 1114112K
  class space    used 2460K, committed 2624K, reserved 1048576K
}
Event: 13.727 GC heap before
{Heap before GC invocations=5 (full 0):
 garbage-first heap   total 68608K, used 53060K [0x0000000080000000, 0x0000000100000000)
  region size 1024K, 40 young (40960K), 8 survivors (8192K)
 Metaspace       used 27060K, committed 27520K, reserved 1114112K
  class space    used 3358K, committed 3584K, reserved 1048576K
}
Event: 13.734 GC heap after
{Heap after GC invocations=6 (full 0):
 garbage-first heap   total 68608K, used 22054K [0x0000000080000000, 0x0000000100000000)
  region size 1024K, 3 young (3072K), 3 survivors (3072K)
 Metaspace       used 27060K, committed 27520K, reserved 1114112K
  class space    used 3358K, committed 3584K, reserved 1048576K
}
Event: 15.445 GC heap before
{Heap before GC invocations=6 (full 0):
 garbage-first heap   total 68608K, used 53798K [0x0000000080000000, 0x0000000100000000)
  region size 1024K, 34 young (34816K), 3 survivors (3072K)
 Metaspace       used 31197K, committed 31744K, reserved 1114112K
  class space    used 4101K, committed 4352K, reserved 1048576K
}
Event: 15.457 GC heap after
{Heap after GC invocations=7 (full 0):
 garbage-first heap   total 68608K, used 24155K [0x0000000080000000, 0x0000000100000000)
  region size 1024K, 4 young (4096K), 4 survivors (4096K)
 Metaspace       used 31197K, committed 31744K, reserved 1114112K
  class space    used 4101K, committed 4352K, reserved 1048576K
}
Event: 17.152 GC heap before
{Heap before GC invocations=7 (full 0):
 garbage-first heap   total 68608K, used 51803K [0x0000000080000000, 0x0000000100000000)
  region size 1024K, 32 young (32768K), 4 survivors (4096K)
 Metaspace       used 35145K, committed 35968K, reserved 1114112K
  class space    used 4790K, committed 5184K, reserved 1048576K
}
Event: 17.158 GC heap after
{Heap after GC invocations=8 (full 0):
 garbage-first heap   total 68608K, used 26151K [0x0000000080000000, 0x0000000100000000)
  region size 1024K, 5 young (5120K), 5 survivors (5120K)
 Metaspace       used 35145K, committed 35968K, reserved 1114112K
  class space    used 4790K, committed 5184K, reserved 1048576K
}
Event: 18.304 GC heap before
{Heap before GC invocations=9 (full 0):
 garbage-first heap   total 70656K, used 68135K [0x0000000080000000, 0x0000000100000000)
  region size 1024K, 20 young (20480K), 5 survivors (5120K)
 Metaspace       used 36230K, committed 37056K, reserved 1114112K
  class space    used 4984K, committed 5376K, reserved 1048576K
}
Event: 18.338 GC heap after
{Heap after GC invocations=10 (full 0):
 garbage-first heap   total 79872K, used 58989K [0x0000000080000000, 0x0000000100000000)
  region size 1024K, 5 young (5120K), 5 survivors (5120K)
 Metaspace       used 36230K, committed 37056K, reserved 1114112K
  class space    used 4984K, committed 5376K, reserved 1048576K
}
Event: 19.304 GC heap before
{Heap before GC invocations=10 (full 0):
 garbage-first heap   total 79872K, used 70253K [0x0000000080000000, 0x0000000100000000)
  region size 1024K, 15 young (15360K), 5 survivors (5120K)
 Metaspace       used 37600K, committed 38464K, reserved 1114112K
  class space    used 5161K, committed 5568K, reserved 1048576K
}

Dll operation events (3 events):
Event: 0.060 Loaded shared library C:\Program Files\Android\Android Studio\jbr\bin\java.dll
Event: 0.097 Loaded shared library C:\Program Files\Android\Android Studio\jbr\bin\zip.dll
Event: 3.955 Loaded shared library C:\Program Files\Android\Android Studio\jbr\bin\verify.dll

Deoptimization events (20 events):
Event: 17.432 Thread 0x0000028d27192d00 DEOPT PACKING pc=0x0000028d0d3bf321 sp=0x0000009a376f9e70
Event: 17.432 Thread 0x0000028d27192d00 DEOPT UNPACKING pc=0x0000028d14684e42 sp=0x0000009a376f93e0 mode 0
Event: 17.705 Thread 0x0000028d27192d00 DEOPT PACKING pc=0x0000028d0d3bf321 sp=0x0000009a376f9b90
Event: 17.705 Thread 0x0000028d27192d00 DEOPT UNPACKING pc=0x0000028d14684e42 sp=0x0000009a376f9100 mode 0
Event: 17.760 Thread 0x0000028d27192d00 DEOPT PACKING pc=0x0000028d0d2fcefd sp=0x0000009a376fb220
Event: 17.760 Thread 0x0000028d27192d00 DEOPT UNPACKING pc=0x0000028d14684e42 sp=0x0000009a376fa6f8 mode 0
Event: 17.789 Thread 0x0000028d27192d00 DEOPT PACKING pc=0x0000028d0d2fcefd sp=0x0000009a376fb990
Event: 17.789 Thread 0x0000028d27192d00 DEOPT UNPACKING pc=0x0000028d14684e42 sp=0x0000009a376fae68 mode 0
Event: 19.155 Thread 0x0000028d27192d00 Uncommon trap: trap_request=0xffffff45 fr.pc=0x0000028d14bfa104 relative=0x0000000000000244
Event: 19.155 Thread 0x0000028d27192d00 Uncommon trap: reason=unstable_if action=reinterpret pc=0x0000028d14bfa104 method=java.lang.StringLatin1.hashCode([B)I @ 2 c2
Event: 19.155 Thread 0x0000028d27192d00 DEOPT PACKING pc=0x0000028d14bfa104 sp=0x0000009a376f5cf0
Event: 19.155 Thread 0x0000028d27192d00 DEOPT UNPACKING pc=0x0000028d146846a2 sp=0x0000009a376f5c88 mode 2
Event: 19.155 Thread 0x0000028d27192d00 Uncommon trap: trap_request=0xffffff45 fr.pc=0x0000028d14c261ec relative=0x00000000000000ac
Event: 19.155 Thread 0x0000028d27192d00 Uncommon trap: reason=unstable_if action=reinterpret pc=0x0000028d14c261ec method=java.lang.String.hashCode()I @ 42 c2
Event: 19.155 Thread 0x0000028d27192d00 DEOPT PACKING pc=0x0000028d14c261ec sp=0x0000009a376f5d20
Event: 19.156 Thread 0x0000028d27192d00 DEOPT UNPACKING pc=0x0000028d146846a2 sp=0x0000009a376f5cb0 mode 2
Event: 19.253 Thread 0x0000028d27192d00 Uncommon trap: trap_request=0xffffff45 fr.pc=0x0000028d14c879e0 relative=0x00000000000005c0
Event: 19.253 Thread 0x0000028d27192d00 Uncommon trap: reason=unstable_if action=reinterpret pc=0x0000028d14c879e0 method=java.util.Properties$LineReader.readLine()I @ 95 c2
Event: 19.253 Thread 0x0000028d27192d00 DEOPT PACKING pc=0x0000028d14c879e0 sp=0x0000009a376f9c50
Event: 19.254 Thread 0x0000028d27192d00 DEOPT UNPACKING pc=0x0000028d146846a2 sp=0x0000009a376f9c00 mode 2

Classes loaded (20 events):
Event: 17.899 Loading class java/util/concurrent/locks/ReentrantReadWriteLock
Event: 17.899 Loading class java/util/concurrent/locks/ReadWriteLock
Event: 17.899 Loading class java/util/concurrent/locks/ReadWriteLock done
Event: 17.899 Loading class java/util/concurrent/locks/ReentrantReadWriteLock done
Event: 17.900 Loading class java/util/concurrent/locks/ReentrantReadWriteLock$NonfairSync
Event: 17.900 Loading class java/util/concurrent/locks/ReentrantReadWriteLock$Sync
Event: 17.900 Loading class java/util/concurrent/locks/ReentrantReadWriteLock$Sync done
Event: 17.901 Loading class java/util/concurrent/locks/ReentrantReadWriteLock$NonfairSync done
Event: 17.901 Loading class java/util/concurrent/locks/ReentrantReadWriteLock$Sync$ThreadLocalHoldCounter
Event: 17.901 Loading class java/util/concurrent/locks/ReentrantReadWriteLock$Sync$ThreadLocalHoldCounter done
Event: 17.901 Loading class java/util/concurrent/locks/ReentrantReadWriteLock$ReadLock
Event: 17.902 Loading class java/util/concurrent/locks/ReentrantReadWriteLock$ReadLock done
Event: 17.902 Loading class java/util/concurrent/locks/ReentrantReadWriteLock$WriteLock
Event: 17.903 Loading class java/util/concurrent/locks/ReentrantReadWriteLock$WriteLock done
Event: 18.046 Loading class java/util/concurrent/Executors$AutoShutdownDelegatedExecutorService
Event: 18.046 Loading class java/util/concurrent/Executors$DelegatedExecutorService
Event: 18.047 Loading class java/util/concurrent/Executors$DelegatedExecutorService done
Event: 18.047 Loading class java/util/concurrent/Executors$AutoShutdownDelegatedExecutorService done
Event: 19.170 Loading class java/lang/StringIndexOutOfBoundsException
Event: 19.170 Loading class java/lang/StringIndexOutOfBoundsException done

Classes unloaded (0 events):
No events

Classes redefined (0 events):
No events

Internal exceptions (20 events):
Event: 17.753 Thread 0x0000028d27192d00 Exception <a 'java/lang/NoSuchMethodError'{0x0000000083820638}: static Lcom/intellij/gradle/toolingExtension/impl/model/taskModel/GradleTaskModelProvider;.<clinit>()V> (0x0000000083820638) 
thrown [s\src\hotspot\share\prims\jni.cpp, line 1144]
Event: 17.759 Thread 0x0000028d27192d00 Exception <a 'java/lang/NoSuchMethodError'{0x0000000083837bf0}: static Lcom/intellij/gradle/toolingExtension/impl/model/buildScriptClasspathModel/GradleBuildScriptClasspathModelProvider;.<clinit>()V> (0x0000000083837bf0) 
thrown [s\src\hotspot\share\prims\jni.cpp, line 1144]
Event: 17.765 Thread 0x0000028d27192d00 Exception <a 'java/lang/NoSuchMethodError'{0x000000008384ee28}: static Lcom/intellij/gradle/toolingExtension/impl/model/warmUp/GradleTaskWarmUpModelProvider;.<clinit>()V> (0x000000008384ee28) 
thrown [s\src\hotspot\share\prims\jni.cpp, line 1144]
Event: 17.771 Thread 0x0000028d27192d00 Exception <a 'java/lang/NoSuchMethodError'{0x0000000083866820}: static Lcom/intellij/gradle/toolingExtension/impl/model/sourceSetModel/GradleSourceSetModelProvider;.<clinit>()V> (0x0000000083866820) 
thrown [s\src\hotspot\share\prims\jni.cpp, line 1144]
Event: 17.777 Thread 0x0000028d27192d00 Exception <a 'java/lang/NoSuchMethodError'{0x0000000083887b48}: static Lcom/intellij/gradle/toolingExtension/impl/model/sourceSetDependencyModel/GradleSourceSetDependencyModelProvider;.<clinit>()V> (0x0000000083887b48) 
thrown [s\src\hotspot\share\prims\jni.cpp, line 1144]
Event: 17.788 Thread 0x0000028d27192d00 Exception <a 'java/lang/NoSuchMethodError'{0x00000000838b00e0}: static Lorg/jetbrains/plugins/gradle/model/ExternalProjectDependency;.<clinit>()V> (0x00000000838b00e0) 
thrown [s\src\hotspot\share\prims\jni.cpp, line 1144]
Event: 17.791 Thread 0x0000028d27192d00 Exception <a 'java/lang/NoSuchMethodError'{0x00000000838c01e0}: static Lorg/jetbrains/plugins/gradle/model/ExternalLibraryDependency;.<clinit>()V> (0x00000000838c01e0) 
thrown [s\src\hotspot\share\prims\jni.cpp, line 1144]
Event: 17.795 Thread 0x0000028d27192d00 Exception <a 'java/lang/NoSuchMethodError'{0x00000000838cfcb0}: static Lorg/jetbrains/plugins/gradle/model/FileCollectionDependency;.<clinit>()V> (0x00000000838cfcb0) 
thrown [s\src\hotspot\share\prims\jni.cpp, line 1144]
Event: 17.799 Thread 0x0000028d27192d00 Exception <a 'java/lang/NoSuchMethodError'{0x00000000838df2e0}: static Lorg/jetbrains/plugins/gradle/model/UnresolvedExternalDependency;.<clinit>()V> (0x00000000838df2e0) 
thrown [s\src\hotspot\share\prims\jni.cpp, line 1144]
Event: 17.843 Thread 0x0000028d27192d00 Exception <a 'java/lang/NoSuchMethodError'{0x00000000837a0178}: static Lorg/gradle/tooling/internal/consumer/versioning/VersionDetails;.<clinit>()V> (0x00000000837a0178) 
thrown [s\src\hotspot\share\prims\jni.cpp, line 1144]
Event: 17.844 Thread 0x0000028d27192d00 Exception <a 'java/lang/NoSuchMethodError'{0x00000000837a2de8}: static Lorg/gradle/tooling/internal/consumer/versioning/VersionDetails$R26VersionDetails;.<clinit>()V> (0x00000000837a2de8) 
thrown [s\src\hotspot\share\prims\jni.cpp, line 1144]
Event: 17.845 Thread 0x0000028d27192d00 Exception <a 'java/lang/NoSuchMethodError'{0x00000000837a4480}: static Lorg/gradle/tooling/internal/consumer/versioning/VersionDetails$R28VersionDetails;.<clinit>()V> (0x00000000837a4480) 
thrown [s\src\hotspot\share\prims\jni.cpp, line 1144]
Event: 17.848 Thread 0x0000028d27192d00 Exception <a 'java/lang/NoSuchMethodError'{0x00000000837a5a28}: static Lorg/gradle/tooling/internal/consumer/versioning/VersionDetails$R35VersionDetails;.<clinit>()V> (0x00000000837a5a28) 
thrown [s\src\hotspot\share\prims\jni.cpp, line 1144]
Event: 17.848 Thread 0x0000028d27192d00 Exception <a 'java/lang/NoSuchMethodError'{0x00000000837a7198}: static Lorg/gradle/tooling/internal/consumer/versioning/VersionDetails$R44VersionDetails;.<clinit>()V> (0x00000000837a7198) 
thrown [s\src\hotspot\share\prims\jni.cpp, line 1144]
Event: 17.849 Thread 0x0000028d27192d00 Exception <a 'java/lang/NoSuchMethodError'{0x00000000837a8840}: static Lorg/gradle/tooling/internal/consumer/versioning/VersionDetails$R48VersionDetails;.<clinit>()V> (0x00000000837a8840) 
thrown [s\src\hotspot\share\prims\jni.cpp, line 1144]
Event: 17.849 Thread 0x0000028d27192d00 Exception <a 'java/lang/NoSuchMethodError'{0x00000000837a9ad8}: static Lorg/gradle/tooling/internal/consumer/versioning/VersionDetails$R51VersionDetails;.<clinit>()V> (0x00000000837a9ad8) 
thrown [s\src\hotspot\share\prims\jni.cpp, line 1144]
Event: 17.859 Thread 0x0000028d27192d00 Exception <a 'java/lang/NoSuchMethodError'{0x00000000837cdd18}: 'java.lang.Object java.lang.invoke.DirectMethodHandle$Holder.newInvokeSpecial(java.lang.Object, java.lang.Object, java.lang.Object, int)'> (0x00000000837cdd18) 
thrown [s\src\hotspot\share\interpreter\linkResolver.cpp, line 784]
Event: 17.861 Thread 0x0000028d27192d00 Exception <a 'java/lang/NoSuchMethodError'{0x00000000837d21b8}: 'java.lang.Object java.lang.invoke.DirectMethodHandle$Holder.invokeSpecial(java.lang.Object, java.lang.Object, java.lang.Object, java.lang.Object, int)'> (0x00000000837d21b8) 
thrown [s\src\hotspot\share\interpreter\linkResolver.cpp, line 784]
Event: 17.861 Thread 0x0000028d27192d00 Exception <a 'java/lang/NoSuchMethodError'{0x00000000837d5dc0}: 'java.lang.Object java.lang.invoke.Invokers$Holder.linkToTargetMethod(java.lang.Object, java.lang.Object, int, java.lang.Object)'> (0x00000000837d5dc0) 
thrown [s\src\hotspot\share\interpreter\linkResolver.cpp, line 784]
Event: 18.764 Thread 0x0000028d27192d00 Exception <a 'java/lang/NoSuchMethodError'{0x00000000860e0a38}: 'void java.lang.invoke.DirectMethodHandle$Holder.invokeStaticInit(java.lang.Object, java.lang.Object, java.lang.Object, java.lang.Object)'> (0x00000000860e0a38) 
thrown [s\src\hotspot\share\interpreter\linkResolver.cpp, line 784]

ZGC Phase Switch (0 events):
No events

VM Operations (20 events):
Event: 15.457 Executing VM operation: G1CollectForAllocation (G1 Evacuation Pause) done
Event: 16.467 Executing VM operation: Cleanup
Event: 16.468 Executing VM operation: Cleanup done
Event: 17.148 Executing VM operation: HandshakeAllThreads (Deoptimize)
Event: 17.148 Executing VM operation: HandshakeAllThreads (Deoptimize) done
Event: 17.150 Executing VM operation: HandshakeAllThreads (Deoptimize)
Event: 17.150 Executing VM operation: HandshakeAllThreads (Deoptimize) done
Event: 17.152 Executing VM operation: CollectForMetadataAllocation (Metadata GC Threshold)
Event: 17.158 Executing VM operation: CollectForMetadataAllocation (Metadata GC Threshold) done
Event: 17.173 Executing VM operation: G1PauseRemark
Event: 17.176 Executing VM operation: G1PauseRemark done
Event: 17.180 Executing VM operation: G1PauseCleanup
Event: 17.180 Executing VM operation: G1PauseCleanup done
Event: 18.183 Executing VM operation: Cleanup
Event: 18.184 Executing VM operation: Cleanup done
Event: 18.304 Executing VM operation: G1CollectForAllocation (G1 Evacuation Pause)
Event: 18.338 Executing VM operation: G1CollectForAllocation (G1 Evacuation Pause) done
Event: 19.264 Executing VM operation: HandshakeAllThreads (Deoptimize)
Event: 19.264 Executing VM operation: HandshakeAllThreads (Deoptimize) done
Event: 19.304 Executing VM operation: G1CollectForAllocation (G1 Evacuation Pause)

Memory protections (0 events):
No events

Nmethod flushes (20 events):
Event: 17.175 Thread 0x0000028d21aee550 flushing  nmethod 0x0000028d0d1d2810
Event: 17.175 Thread 0x0000028d21aee550 flushing  nmethod 0x0000028d0d1d2e10
Event: 17.175 Thread 0x0000028d21aee550 flushing  nmethod 0x0000028d0d240410
Event: 17.175 Thread 0x0000028d21aee550 flushing  nmethod 0x0000028d0d240f10
Event: 17.175 Thread 0x0000028d21aee550 flushing  nmethod 0x0000028d0d290f90
Event: 17.175 Thread 0x0000028d21aee550 flushing  nmethod 0x0000028d0d2ac890
Event: 17.175 Thread 0x0000028d21aee550 flushing  nmethod 0x0000028d0d2ad490
Event: 17.175 Thread 0x0000028d21aee550 flushing  nmethod 0x0000028d0d2e5410
Event: 17.175 Thread 0x0000028d21aee550 flushing  nmethod 0x0000028d0d2ea290
Event: 17.175 Thread 0x0000028d21aee550 flushing  nmethod 0x0000028d0d339d10
Event: 17.175 Thread 0x0000028d21aee550 flushing  nmethod 0x0000028d0d33b990
Event: 17.175 Thread 0x0000028d21aee550 flushing  nmethod 0x0000028d0d33bf90
Event: 17.175 Thread 0x0000028d21aee550 flushing  nmethod 0x0000028d0d33c490
Event: 17.175 Thread 0x0000028d21aee550 flushing  nmethod 0x0000028d0d33c810
Event: 17.175 Thread 0x0000028d21aee550 flushing  nmethod 0x0000028d0d33f710
Event: 17.175 Thread 0x0000028d21aee550 flushing  nmethod 0x0000028d0d371490
Event: 17.175 Thread 0x0000028d21aee550 flushing  nmethod 0x0000028d0d374490
Event: 17.175 Thread 0x0000028d21aee550 flushing  nmethod 0x0000028d0d376890
Event: 17.175 Thread 0x0000028d21aee550 flushing  nmethod 0x0000028d0d376c10
Event: 17.175 Thread 0x0000028d21aee550 flushing  nmethod 0x0000028d0d3eff90

Events (20 events):
Event: 13.227 Thread 0x0000028d27192d00 Thread added: 0x0000028d268243e0
Event: 14.875 Thread 0x0000028d260a3c40 Thread exited: 0x0000028d260a3c40
Event: 15.320 Thread 0x0000028d260a50b0 Thread added: 0x0000028d260a49e0
Event: 16.510 Thread 0x0000028d27192d00 Thread added: 0x0000028d26824a70
Event: 16.560 Thread 0x0000028d27192d00 Thread added: 0x0000028d26825790
Event: 16.707 Thread 0x0000028d260a50b0 Thread added: 0x0000028d260a2100
Event: 17.093 Thread 0x0000028d27192d00 Thread added: 0x0000028d2a5faca0
Event: 17.100 Thread 0x0000028d27192d00 Thread added: 0x0000028d2a5fb9c0
Event: 17.240 Thread 0x0000028d27192d00 Thread added: 0x0000028d2a5fd400
Event: 17.240 Thread 0x0000028d27192d00 Thread added: 0x0000028d2a5fc050
Event: 17.240 Thread 0x0000028d27192d00 Thread added: 0x0000028d2a5fc6e0
Event: 17.240 Thread 0x0000028d27192d00 Thread added: 0x0000028d2a5fa610
Event: 17.240 Thread 0x0000028d27192d00 Thread added: 0x0000028d2a5fcd70
Event: 17.240 Thread 0x0000028d27192d00 Thread added: 0x0000028d2a5fb330
Event: 17.240 Thread 0x0000028d27192d00 Thread added: 0x0000028d2a5fda90
Event: 17.240 Thread 0x0000028d27192d00 Thread added: 0x0000028d28e7faa0
Event: 17.241 Thread 0x0000028d27192d00 Thread added: 0x0000028d28e7ed80
Event: 17.241 Thread 0x0000028d27192d00 Thread added: 0x0000028d28e7d340
Event: 17.241 Thread 0x0000028d27192d00 Thread added: 0x0000028d28e7e6f0
Event: 17.241 Thread 0x0000028d27192d00 Thread added: 0x0000028d28e807c0


Dynamic libraries:
0x00007ff6e3df0000 - 0x00007ff6e3dfa000 	C:\Program Files\Android\Android Studio\jbr\bin\java.exe
0x00007ff9cbca0000 - 0x00007ff9cbf07000 	C:\Windows\SYSTEM32\ntdll.dll
0x00007ff9cac80000 - 0x00007ff9cad49000 	C:\Windows\System32\KERNEL32.DLL
0x00007ff9c9440000 - 0x00007ff9c9830000 	C:\Windows\System32\KERNELBASE.dll
0x00007ff9c8e60000 - 0x00007ff9c8fab000 	C:\Windows\System32\ucrtbase.dll
0x00007ff9a3fc0000 - 0x00007ff9a3fdb000 	C:\Program Files\Android\Android Studio\jbr\bin\VCRUNTIME140.dll
0x00007ff9a40c0000 - 0x00007ff9a40d8000 	C:\Program Files\Android\Android Studio\jbr\bin\jli.dll
0x00007ff9ca240000 - 0x00007ff9ca405000 	C:\Windows\System32\USER32.dll
0x00007ff9c9370000 - 0x00007ff9c9397000 	C:\Windows\System32\win32u.dll
0x00007ff9cba40000 - 0x00007ff9cba6b000 	C:\Windows\System32\GDI32.dll
0x00007ff9c98f0000 - 0x00007ff9c9a28000 	C:\Windows\System32\gdi32full.dll
0x00007ff9ab2f0000 - 0x00007ff9ab58a000 	C:\Windows\WinSxS\amd64_microsoft.windows.common-controls_6595b64144ccf1df_6.0.26100.4768_none_3e0c112ce331287c\COMCTL32.dll
0x00007ff9c9840000 - 0x00007ff9c98e3000 	C:\Windows\System32\msvcp_win.dll
0x00007ff9cad60000 - 0x00007ff9cae09000 	C:\Windows\System32\msvcrt.dll
0x00007ff9cb280000 - 0x00007ff9cb2af000 	C:\Windows\System32\IMM32.DLL
0x00007ff9b6ac0000 - 0x00007ff9b6acc000 	C:\Program Files\Android\Android Studio\jbr\bin\vcruntime140_1.dll
0x00007ff985570000 - 0x00007ff9855fd000 	C:\Program Files\Android\Android Studio\jbr\bin\msvcp140.dll
0x00007ff9444d0000 - 0x00007ff94515e000 	C:\Program Files\Android\Android Studio\jbr\bin\server\jvm.dll
0x00007ff9c9c60000 - 0x00007ff9c9d14000 	C:\Windows\System32\ADVAPI32.dll
0x00007ff9caea0000 - 0x00007ff9caf46000 	C:\Windows\System32\sechost.dll
0x00007ff9caf50000 - 0x00007ff9cb068000 	C:\Windows\System32\RPCRT4.dll
0x00007ff9cb750000 - 0x00007ff9cb7c4000 	C:\Windows\System32\WS2_32.dll
0x00007ff9c8c30000 - 0x00007ff9c8c8e000 	C:\Windows\SYSTEM32\POWRPROF.dll
0x00007ff9ac210000 - 0x00007ff9ac245000 	C:\Windows\SYSTEM32\WINMM.dll
0x00007ff9bb6f0000 - 0x00007ff9bb6fb000 	C:\Windows\SYSTEM32\VERSION.dll
0x00007ff9c8c10000 - 0x00007ff9c8c24000 	C:\Windows\SYSTEM32\UMPDC.dll
0x00007ff9c7b20000 - 0x00007ff9c7b3b000 	C:\Windows\SYSTEM32\kernel.appcore.dll
0x00007ff9a4030000 - 0x00007ff9a403a000 	C:\Program Files\Android\Android Studio\jbr\bin\jimage.dll
0x00007ff9ab700000 - 0x00007ff9ab941000 	C:\Windows\SYSTEM32\DBGHELP.DLL
0x00007ff9c9e30000 - 0x00007ff9ca1b5000 	C:\Windows\System32\combase.dll
0x00007ff9cbb70000 - 0x00007ff9cbc50000 	C:\Windows\System32\OLEAUT32.dll
0x00007ff99ace0000 - 0x00007ff99ad23000 	C:\Windows\SYSTEM32\dbgcore.DLL
0x00007ff9c93a0000 - 0x00007ff9c9439000 	C:\Windows\System32\bcryptPrimitives.dll
0x00007ff9c3130000 - 0x00007ff9c313e000 	C:\Program Files\Android\Android Studio\jbr\bin\instrument.dll
0x00007ff9a3fa0000 - 0x00007ff9a3fc0000 	C:\Program Files\Android\Android Studio\jbr\bin\java.dll
0x00007ff9a3f80000 - 0x00007ff9a3f98000 	C:\Program Files\Android\Android Studio\jbr\bin\zip.dll
0x00007ff9ca4c0000 - 0x00007ff9cac0d000 	C:\Windows\System32\SHELL32.dll
0x00007ff9c9130000 - 0x00007ff9c92a3000 	C:\Windows\System32\wintypes.dll
0x00007ff9c6990000 - 0x00007ff9c71f0000 	C:\Windows\SYSTEM32\windows.storage.dll
0x00007ff9c9d30000 - 0x00007ff9c9e25000 	C:\Windows\System32\SHCORE.dll
0x00007ff9cb1f0000 - 0x00007ff9cb25a000 	C:\Windows\System32\shlwapi.dll
0x00007ff9c8cf0000 - 0x00007ff9c8d19000 	C:\Windows\SYSTEM32\profapi.dll
0x00007ff9a3f70000 - 0x00007ff9a3f80000 	C:\Program Files\Android\Android Studio\jbr\bin\net.dll
0x00007ff9c13d0000 - 0x00007ff9c14ee000 	C:\Windows\SYSTEM32\WINHTTP.dll
0x00007ff9c80c0000 - 0x00007ff9c812b000 	C:\Windows\system32\mswsock.dll
0x00007ff99a950000 - 0x00007ff99a966000 	C:\Program Files\Android\Android Studio\jbr\bin\nio.dll
0x00007ff99a430000 - 0x00007ff99a440000 	C:\Program Files\Android\Android Studio\jbr\bin\verify.dll
0x00007ff99f0d0000 - 0x00007ff99f0f7000 	C:\Users\deepa\.gradle\native\1def1411415f61bf3af743bc5b6707747c0891f09f0c88961ee8f79bc544acac\windows-amd64\native-platform.dll
0x00007ff991f90000 - 0x00007ff992008000 	C:\Users\deepa\.gradle\native\0.2.7\x86_64-windows-gnu\gradle-fileevents.dll
0x00007ff99acb0000 - 0x00007ff99acb9000 	C:\Program Files\Android\Android Studio\jbr\bin\management.dll
0x00007ff99a870000 - 0x00007ff99a87b000 	C:\Program Files\Android\Android Studio\jbr\bin\management_ext.dll
0x00007ff9cac70000 - 0x00007ff9cac78000 	C:\Windows\System32\PSAPI.DLL
0x00007ff9c7500000 - 0x00007ff9c7533000 	C:\Windows\SYSTEM32\IPHLPAPI.DLL
0x00007ff9cb1e0000 - 0x00007ff9cb1ea000 	C:\Windows\System32\NSI.dll
0x00007ff99ee90000 - 0x00007ff99ee99000 	C:\Program Files\Android\Android Studio\jbr\bin\extnet.dll
0x00007ff9c83a0000 - 0x00007ff9c83bb000 	C:\Windows\SYSTEM32\CRYPTSP.dll
0x00007ff9c7a70000 - 0x00007ff9c7aab000 	C:\Windows\system32\rsaenh.dll
0x00007ff9c8160000 - 0x00007ff9c818b000 	C:\Windows\SYSTEM32\USERENV.dll
0x00007ff9c8cc0000 - 0x00007ff9c8ce6000 	C:\Windows\SYSTEM32\bcrypt.dll
0x00007ff9c83c0000 - 0x00007ff9c83cc000 	C:\Windows\SYSTEM32\CRYPTBASE.dll
0x00007ff996cc0000 - 0x00007ff996cc8000 	C:\Windows\system32\wshunix.dll

dbghelp: loaded successfully - version: 4.0.5 - missing functions: none
symbol engine: initialized successfully - sym options: 0x614 - pdb path: .;C:\Program Files\Android\Android Studio\jbr\bin;C:\Windows\SYSTEM32;C:\Windows\WinSxS\amd64_microsoft.windows.common-controls_6595b64144ccf1df_6.0.26100.4768_none_3e0c112ce331287c;C:\Program Files\Android\Android Studio\jbr\bin\server;C:\Users\deepa\.gradle\native\1def1411415f61bf3af743bc5b6707747c0891f09f0c88961ee8f79bc544acac\windows-amd64;C:\Users\deepa\.gradle\native\0.2.7\x86_64-windows-gnu

VM Arguments:
jvm_args: --add-opens=java.base/java.lang=ALL-UNNAMED --add-opens=java.base/java.lang.invoke=ALL-UNNAMED --add-opens=java.base/java.util=ALL-UNNAMED --add-opens=java.prefs/java.util.prefs=ALL-UNNAMED --add-exports=jdk.compiler/com.sun.tools.javac.api=ALL-UNNAMED --add-exports=jdk.compiler/com.sun.tools.javac.util=ALL-UNNAMED --add-opens=java.base/java.util=ALL-UNNAMED --add-opens=java.prefs/java.util.prefs=ALL-UNNAMED --add-opens=java.base/java.nio.charset=ALL-UNNAMED --add-opens=java.base/java.net=ALL-UNNAMED --add-opens=java.base/java.util.concurrent.atomic=ALL-UNNAMED --add-opens=java.xml/javax.xml.namespace=ALL-UNNAMED -Xmx2048m -Dfile.encoding=UTF-8 -Duser.country=US -Duser.language=en -Duser.variant -javaagent:C:\Users\deepa\.gradle\wrapper\dists\gradle-8.13-bin\5xuhj0ry160q40clulazy9h7d\gradle-8.13\lib\agents\gradle-instrumentation-agent-8.13.jar 
java_command: org.gradle.launcher.daemon.bootstrap.GradleDaemon 8.13
java_class_path (initial): C:\Users\deepa\.gradle\wrapper\dists\gradle-8.13-bin\5xuhj0ry160q40clulazy9h7d\gradle-8.13\lib\gradle-daemon-main-8.13.jar
Launcher Type: SUN_STANDARD

[Global flags]
     intx CICompilerCount                          = 4                                         {product} {ergonomic}
     uint ConcGCThreads                            = 3                                         {product} {ergonomic}
     uint G1ConcRefinementThreads                  = 10                                        {product} {ergonomic}
   size_t G1HeapRegionSize                         = 1048576                                   {product} {ergonomic}
    uintx GCDrainStackTargetSize                   = 64                                        {product} {ergonomic}
   size_t InitialHeapSize                          = 132120576                                 {product} {ergonomic}
   size_t MarkStackSize                            = 4194304                                   {product} {ergonomic}
   size_t MaxHeapSize                              = 2147483648                                {product} {command line}
   size_t MaxNewSize                               = 1287651328                                {product} {ergonomic}
   size_t MinHeapDeltaBytes                        = 1048576                                   {product} {ergonomic}
   size_t MinHeapSize                              = 8388608                                   {product} {ergonomic}
    uintx NonNMethodCodeHeapSize                   = 5839372                                {pd product} {ergonomic}
    uintx NonProfiledCodeHeapSize                  = 122909434                              {pd product} {ergonomic}
    uintx ProfiledCodeHeapSize                     = 122909434                              {pd product} {ergonomic}
    uintx ReservedCodeCacheSize                    = 251658240                              {pd product} {ergonomic}
     bool SegmentedCodeCache                       = true                                      {product} {ergonomic}
   size_t SoftMaxHeapSize                          = 2147483648                             {manageable} {ergonomic}
     bool UseCompressedOops                        = true                           {product lp64_product} {ergonomic}
     bool UseG1GC                                  = true                                      {product} {ergonomic}
     bool UseLargePagesIndividualAllocation        = false                                  {pd product} {ergonomic}

Logging:
Log output configuration:
 #0: stdout all=warning uptime,level,tags foldmultilines=false
 #1: stderr all=off uptime,level,tags foldmultilines=false

Environment Variables:
PATH=C:\Program Files\Common Files\Oracle\Java\javapath;C:\Windows\system32;C:\Windows;C:\Windows\System32\Wbem;C:\Windows\System32\WindowsPowerShell\v1.0\;C:\Windows\System32\OpenSSH\;C:\Program Files\dotnet\;C:\Program Files\Docker\Docker\resources\bin;C:\Program Files\Git\cmd;D:\Software Directory\;C:\ProgramData\chocolatey\bin;C:\Release-25.07.0-0\poppler-25.07.0\Library\bin;C:\Users\deepa\AppData\Local\Programs\Python\Launcher\;C:\Users\deepa\AppData\Local\Microsoft\WindowsApps;C:\Users\deepa\AppData\Local\GitHubDesktop\bin;D:\Software Directory\PyCharm 2025.1.1.1\bin;C:\Users\deepa\AppData\Roaming\Microsoft\Windows\Start Menu\Programs\Python 3.10;;D:\Software Directory\IntelliJ IDEA 2025.1.2\bin;;D:\Software Directory\cursor\resources\app\bin;D:\Software Directory\.jdks\ms-17.0.15;C:\Users\deepa\AppData\Local\Programs\Microsoft VS Code\bin;C:\Users\deepa\AppData\Roaming\npm;C:\poppler\Library\bin;C:\Release-25.07.0-0\poppler-25.07.0\Library\bin;C:\Program Files\Tesseract-OCR;
USERNAME=deepa
OS=Windows_NT
PROCESSOR_IDENTIFIER=Intel64 Family 6 Model 165 Stepping 2, GenuineIntel
TMP=C:\Users\deepa\AppData\Local\Temp
TEMP=C:\Users\deepa\AppData\Local\Temp




Periodic native trim disabled

JNI global refs:
JNI global refs: 25, weak refs: 0

JNI global refs memory usage: 835, weak refs: 833

Process memory usage:
Resident Set Size: 234180K (2% of 8206124K total physical memory with 798768K free physical memory)

OOME stack traces (most recent first):
Classloader memory used:
Loader bootstrap                                                                       : 17868K
Loader org.gradle.internal.classloader.VisitableURLClassLoader                         : 16150K
Loader org.gradle.initialization.MixInLegacyTypesClassLoader                           : 2356K
Loader org.gradle.internal.classloader.VisitableURLClassLoader                         : 722K
Loader jdk.internal.loader.ClassLoaders$AppClassLoader                                 : 235K
Loader jdk.internal.reflect.DelegatingClassLoader                                      : 151K
Loader jdk.internal.loader.ClassLoaders$PlatformClassLoader                            : 115K

Classes loaded by more than one classloader:
Class org.gradle.api.GradleException                                                  : loaded 3 times (x 80B)
Class org.gradle.internal.classloader.ClassLoaderHierarchy                            : loaded 2 times (x 68B)
Class org.gradle.api.internal.classpath.ManifestUtil                                  : loaded 2 times (x 69B)
Class org.gradle.internal.operations.MultipleBuildOperationFailures                   : loaded 2 times (x 93B)
Class org.gradle.internal.classloader.DefaultClassLoaderFactory                       : loaded 2 times (x 80B)
Class org.gradle.internal.classloader.ClassLoaderVisitor                              : loaded 2 times (x 74B)
Class org.gradle.api.internal.classpath.EffectiveClassPath                            : loaded 2 times (x 88B)
Class org.gradle.api.internal.DefaultClassPathProvider                                : loaded 2 times (x 74B)
Class [Lorg.gradle.api.internal.ClassPathProvider;                                    : loaded 2 times (x 67B)
Class org.gradle.api.internal.ClassPathProvider                                       : loaded 2 times (x 68B)
Class org.gradle.internal.service.UnknownServiceException                             : loaded 2 times (x 81B)
Class org.gradle.internal.classpath.TransformedClassPath                              : loaded 2 times (x 94B)
Class org.gradle.internal.classloader.InstrumentingClassLoader                        : loaded 2 times (x 68B)
Class org.gradle.internal.service.ServiceLocator                                      : loaded 2 times (x 68B)
Class org.gradle.internal.InternalTransformer                                         : loaded 2 times (x 68B)
Class org.gradle.internal.time.DefaultTimer                                           : loaded 2 times (x 78B)
Class org.gradle.internal.classloader.ClasspathUtil$1                                 : loaded 2 times (x 74B)
Class org.gradle.api.internal.classpath.DefaultModuleRegistry$DefaultModule           : loaded 2 times (x 84B)
Class org.gradle.internal.time.DefaultCountdownTimer                                  : loaded 2 times (x 86B)
Class kotlin.Function                                                                 : loaded 2 times (x 68B)
Class org.gradle.api.internal.classpath.Module                                        : loaded 2 times (x 68B)
Class org.gradle.api.internal.classpath.UnknownModuleException                        : loaded 2 times (x 80B)
Class org.gradle.api.internal.DefaultClassPathRegistry                                : loaded 2 times (x 74B)
Class org.gradle.api.internal.ClassPathRegistry                                       : loaded 2 times (x 68B)
Class org.gradle.internal.classpath.DefaultClassPath$ImmutableUniqueList              : loaded 2 times (x 197B)
Class org.gradle.internal.classpath.ClassPath                                         : loaded 2 times (x 68B)
Class org.gradle.api.UncheckedIOException                                             : loaded 2 times (x 80B)
Class kotlin.UninitializedPropertyAccessException                                     : loaded 2 times (x 80B)
Class org.gradle.internal.installation.GradleInstallation$1                           : loaded 2 times (x 73B)
Class org.gradle.api.internal.classpath.ModuleRegistry                                : loaded 2 times (x 68B)
Class org.gradle.api.internal.classpath.DefaultModuleRegistry                         : loaded 2 times (x 84B)
Class org.gradle.internal.time.MonotonicClock                                         : loaded 2 times (x 75B)
Class org.gradle.internal.service.ServiceLookupException                              : loaded 2 times (x 80B)
Class org.gradle.internal.classloader.ClassLoaderFactory                              : loaded 2 times (x 68B)
Class org.gradle.internal.service.CachingServiceLocator                               : loaded 2 times (x 80B)
Class org.gradle.internal.time.TimeSource                                             : loaded 2 times (x 68B)
Class org.gradle.internal.exceptions.ResolutionProvider                               : loaded 2 times (x 68B)
Class org.gradle.internal.classloader.ClasspathUtil                                   : loaded 2 times (x 69B)
Class org.gradle.internal.time.TimeSource$1                                           : loaded 2 times (x 75B)
Class org.gradle.api.specs.Spec                                                       : loaded 2 times (x 68B)
Class org.gradle.internal.time.Clock                                                  : loaded 2 times (x 68B)
Class org.gradle.internal.classloader.VisitableURLClassLoader$InstrumentingVisitableURLClassLoader: loaded 2 times (x 121B)
Class org.gradle.internal.classloader.VisitableURLClassLoader$Spec                    : loaded 2 times (x 72B)
Class org.gradle.internal.classpath.DefaultClassPath                                  : loaded 2 times (x 88B)
Class org.gradle.internal.classloader.ClassLoaderSpec                                 : loaded 2 times (x 69B)
Class org.gradle.internal.classloader.VisitableURLClassLoader                         : loaded 2 times (x 115B)
Class org.gradle.internal.Cast                                                        : loaded 2 times (x 69B)
Class org.gradle.api.Action                                                           : loaded 2 times (x 68B)
Class kotlin.jvm.functions.Function1                                                  : loaded 2 times (x 68B)
Class org.gradle.internal.classpath.DefaultClassPath$ImmutableUniqueList$Builder      : loaded 2 times (x 73B)
Class org.gradle.internal.classloader.FilteringClassLoader                            : loaded 2 times (x 103B)
Class org.gradle.internal.exceptions.NonGradleCauseExceptionsHolder                   : loaded 2 times (x 68B)
Class org.gradle.internal.IoActions                                                   : loaded 2 times (x 69B)
Class org.gradle.internal.classloader.SystemClassLoaderSpec                           : loaded 2 times (x 69B)
Class org.gradle.internal.exceptions.MultiCauseException                              : loaded 2 times (x 68B)
Class org.gradle.internal.time.CountdownTimer                                         : loaded 2 times (x 68B)
Class kotlin.jvm.internal.Intrinsics                                                  : loaded 2 times (x 69B)
Class org.gradle.tooling.model.ProjectModel                                           : loaded 2 times (x 68B)
Class kotlin.KotlinNullPointerException                                               : loaded 2 times (x 81B)
Class org.gradle.internal.exceptions.DefaultMultiCauseException                       : loaded 2 times (x 93B)
Class org.gradle.internal.time.Time                                                   : loaded 2 times (x 69B)
Class org.gradle.api.internal.classpath.GlobalCacheRootsProvider                      : loaded 2 times (x 68B)
Class org.gradle.internal.time.Timer                                                  : loaded 2 times (x 68B)
Class org.gradle.internal.installation.CurrentGradleInstallationLocator               : loaded 2 times (x 69B)
Class org.gradle.internal.service.DefaultServiceLocator                               : loaded 2 times (x 81B)
Class org.gradle.util.GradleVersion                                                   : loaded 2 times (x 77B)
Class org.gradle.internal.installation.CurrentGradleInstallation                      : loaded 2 times (x 71B)
Class org.gradle.util.internal.GUtil                                                  : loaded 2 times (x 69B)
Class org.gradle.internal.installation.GradleInstallation                             : loaded 2 times (x 73B)

---------------  S Y S T E M  ---------------

OS:
 Windows 11 , 64 bit Build 26100 (10.0.26100.4768)
OS uptime: 2 days 8:33 hours
Hyper-V role detected

CPU: total 12 (initial active 12) (6 cores per cpu, 2 threads per core) family 6 model 165 stepping 2 microcode 0xe2, cx8, cmov, fxsr, ht, mmx, 3dnowpref, sse, sse2, sse3, ssse3, sse4.1, sse4.2, popcnt, lzcnt, tsc, tscinvbit, avx, avx2, aes, erms, clmul, bmi1, bmi2, adx, fma, vzeroupper, clflush, clflushopt, hv, rdtscp, f16c
Processor Information for the first 12 processors :
  Max Mhz: 2496, Current Mhz: 2496, Mhz Limit: 2496

Memory: 4k page, system-wide physical 8013M (779M free)
TotalPageFile size 32589M (AvailPageFile size 21M)
current process WorkingSet (physical memory assigned to process): 228M, peak: 232M
current process commit charge ("private bytes"): 289M, peak: 292M

vm_info: OpenJDK 64-Bit Server VM (21.0.7+-13880790-b1038.58) for windows-amd64 JRE (21.0.7+-13880790-b1038.58), built on 2025-08-04T20:56:21Z by "builder" with MS VC++ 16.10 / 16.11 (VS2019)

END.
