#
# There is insufficient memory for the Java Runtime Environment to continue.
# Native memory allocation (malloc) failed to allocate 1347824 bytes. Error detail: Chunk::new
# Possible reasons:
#   The system is out of physical RAM or swap space
#   This process is running with CompressedOops enabled, and the Java Heap may be blocking the growth of the native heap
# Possible solutions:
#   Reduce memory load on the system
#   Increase physical memory or swap space
#   Check if swap backing store is full
#   Decrease Java heap size (-Xmx/-Xms)
#   Decrease number of Java threads
#   Decrease Java thread stack sizes (-Xss)
#   Set larger code cache with -XX:ReservedCodeCacheSize=
#   JVM is running with Unscaled Compressed Oops mode in which the Java heap is
#     placed in the first 4GB address space. The Java Heap base address is the
#     maximum limit for the native heap growth. Please use -XX:HeapBaseMinAddress
#     to set the Java Heap base and to place the Java Heap above 4GB virtual address.
# This output file may be truncated or incomplete.
#
#  Out of Memory Error (arena.cpp:168), pid=4556, tid=17576
#
# JRE version: OpenJDK Runtime Environment (21.0.7) (build 21.0.7+-13880790-b1038.58)
# Java VM: OpenJDK 64-Bit Server VM (21.0.7+-13880790-b1038.58, mixed mode, tiered, compressed oops, compressed class ptrs, g1 gc, windows-amd64)
# No core dump will be written. Minidumps are not enabled by default on client versions of Windows
#

---------------  S U M M A R Y ------------

Command Line: --add-opens=java.base/java.lang=ALL-UNNAMED --add-opens=java.base/java.lang.invoke=ALL-UNNAMED --add-opens=java.base/java.util=ALL-UNNAMED --add-opens=java.prefs/java.util.prefs=ALL-UNNAMED --add-exports=jdk.compiler/com.sun.tools.javac.api=ALL-UNNAMED --add-exports=jdk.compiler/com.sun.tools.javac.util=ALL-UNNAMED --add-opens=java.base/java.util=ALL-UNNAMED --add-opens=java.prefs/java.util.prefs=ALL-UNNAMED --add-opens=java.base/java.nio.charset=ALL-UNNAMED --add-opens=java.base/java.net=ALL-UNNAMED --add-opens=java.base/java.util.concurrent.atomic=ALL-UNNAMED --add-opens=java.xml/javax.xml.namespace=ALL-UNNAMED -Xmx2048m -Dfile.encoding=UTF-8 -Duser.country=US -Duser.language=en -Duser.variant -javaagent:C:\Users\deepa\.gradle\wrapper\dists\gradle-8.13-bin\5xuhj0ry160q40clulazy9h7d\gradle-8.13\lib\agents\gradle-instrumentation-agent-8.13.jar org.gradle.launcher.daemon.bootstrap.GradleDaemon 8.13

Host: Intel(R) Core(TM) i5-10500H CPU @ 2.50GHz, 12 cores, 7G,  Windows 11 , 64 bit Build 26100 (10.0.26100.4768)
Time: Mon Sep  8 22:13:54 2025 W. Europe Daylight Time elapsed time: 33.575902 seconds (0d 0h 0m 33s)

---------------  T H R E A D  ---------------

Current thread (0x00000246c4942750):  JavaThread "C2 CompilerThread0" daemon [_thread_in_native, id=17576, stack(0x000000ca88400000,0x000000ca88500000) (1024K)]


Current CompileTask:
C2:33576 5428   !   4       java.net.URLClassLoader::findClass (47 bytes)

Stack: [0x000000ca88400000,0x000000ca88500000]
Native frames: (J=compiled Java code, j=interpreted, Vv=VM code, C=native code)
V  [jvm.dll+0x6d25c9]
V  [jvm.dll+0x860923]
V  [jvm.dll+0x862e7e]
V  [jvm.dll+0x863563]
V  [jvm.dll+0x27f156]
V  [jvm.dll+0xc002d]
V  [jvm.dll+0xc0563]
V  [jvm.dll+0x3b6d3b]
V  [jvm.dll+0x1de734]
V  [jvm.dll+0x247fc4]
V  [jvm.dll+0x247441]
V  [jvm.dll+0x1c5fb4]
V  [jvm.dll+0x256bac]
V  [jvm.dll+0x2550f6]
V  [jvm.dll+0x3f1d16]
V  [jvm.dll+0x808d08]
V  [jvm.dll+0x6d0e1d]
C  [ucrtbase.dll+0x37b0]
C  [KERNEL32.DLL+0x2e8d7]
C  [ntdll.dll+0x3c34c]


---------------  P R O C E S S  ---------------

Threads class SMR info:
_java_thread_list=0x00000246cd729fa0, length=49, elements={
0x00000246aa855c90, 0x00000246c4900000, 0x00000246c4905c70, 0x00000246c49062e0,
0x00000246c491bf80, 0x00000246c4930f30, 0x00000246c4927200, 0x00000246c4934c90,
0x00000246c4942750, 0x00000246c4963210, 0x00000246c4c41df0, 0x00000246ca820150,
0x00000246ca96cc50, 0x00000246ca8eb020, 0x00000246cab1d470, 0x00000246cab202f0,
0x00000246ca910860, 0x00000246ca98e900, 0x00000246ca97eca0, 0x00000246ca97e610,
0x00000246ca97f330, 0x00000246ca97d8f0, 0x00000246ca980050, 0x00000246ca9806e0,
0x00000246ca97df80, 0x00000246cb432db0, 0x00000246cb431a00, 0x00000246cb431370,
0x00000246cb430ce0, 0x00000246cb430650, 0x00000246cb433440, 0x00000246cb433ad0,
0x00000246cb434160, 0x00000246cb432720, 0x00000246cb4347f0, 0x00000246cb434e80,
0x00000246cb435510, 0x00000246cb432090, 0x00000246cb435ba0, 0x00000246cb4375e0,
0x00000246cb437c70, 0x00000246cb4368c0, 0x00000246cbd8c160, 0x00000246cbd8ce80,
0x00000246cbd8c7f0, 0x00000246cbd8b440, 0x00000246cbd8a090, 0x00000246cbd8dba0,
0x00000246cacafde0
}

Java Threads: ( => current thread )
  0x00000246aa855c90 JavaThread "main"                              [_thread_blocked, id=7452, stack(0x000000ca87500000,0x000000ca87600000) (1024K)]
  0x00000246c4900000 JavaThread "Common-Cleaner"             daemon [_thread_blocked, id=6308, stack(0x000000ca87d00000,0x000000ca87e00000) (1024K)]
  0x00000246c4905c70 JavaThread "Reference Handler"          daemon [_thread_blocked, id=24344, stack(0x000000ca87e00000,0x000000ca87f00000) (1024K)]
  0x00000246c49062e0 JavaThread "Finalizer"                  daemon [_thread_blocked, id=22580, stack(0x000000ca87f00000,0x000000ca88000000) (1024K)]
  0x00000246c491bf80 JavaThread "Signal Dispatcher"          daemon [_thread_blocked, id=2908, stack(0x000000ca88000000,0x000000ca88100000) (1024K)]
  0x00000246c4930f30 JavaThread "Attach Listener"            daemon [_thread_blocked, id=13788, stack(0x000000ca88100000,0x000000ca88200000) (1024K)]
  0x00000246c4927200 JavaThread "Service Thread"             daemon [_thread_blocked, id=13392, stack(0x000000ca88200000,0x000000ca88300000) (1024K)]
  0x00000246c4934c90 JavaThread "Monitor Deflation Thread"   daemon [_thread_blocked, id=22544, stack(0x000000ca88300000,0x000000ca88400000) (1024K)]
=>0x00000246c4942750 JavaThread "C2 CompilerThread0"         daemon [_thread_in_native, id=17576, stack(0x000000ca88400000,0x000000ca88500000) (1024K)]
  0x00000246c4963210 JavaThread "C1 CompilerThread0"         daemon [_thread_blocked, id=19312, stack(0x000000ca88500000,0x000000ca88600000) (1024K)]
  0x00000246c4c41df0 JavaThread "Notification Thread"        daemon [_thread_blocked, id=16900, stack(0x000000ca88600000,0x000000ca88700000) (1024K)]
  0x00000246ca820150 JavaThread "Daemon health stats"               [_thread_blocked, id=16116, stack(0x000000ca88d00000,0x000000ca88e00000) (1024K)]
  0x00000246ca96cc50 JavaThread "Incoming local TCP Connector on port 60646"        [_thread_in_native, id=7884, stack(0x000000ca88800000,0x000000ca88900000) (1024K)]
  0x00000246ca8eb020 JavaThread "Daemon periodic checks"            [_thread_blocked, id=15108, stack(0x000000ca88e00000,0x000000ca88f00000) (1024K)]
  0x00000246cab1d470 JavaThread "Daemon"                            [_thread_blocked, id=3592, stack(0x000000ca88f00000,0x000000ca89000000) (1024K)]
  0x00000246cab202f0 JavaThread "Handler for socket connection from /127.0.0.1:60646 to /127.0.0.1:60648"        [_thread_in_native, id=27456, stack(0x000000ca89000000,0x000000ca89100000) (1024K)]
  0x00000246ca910860 JavaThread "Cancel handler"                    [_thread_blocked, id=22796, stack(0x000000ca89100000,0x000000ca89200000) (1024K)]
  0x00000246ca98e900 JavaThread "Daemon worker"                     [_thread_in_Java, id=17452, stack(0x000000ca89200000,0x000000ca89300000) (1024K)]
  0x00000246ca97eca0 JavaThread "Asynchronous log dispatcher for DefaultDaemonConnection: socket connection from /127.0.0.1:60646 to /127.0.0.1:60648"        [_thread_blocked, id=8068, stack(0x000000ca89300000,0x000000ca89400000) (1024K)]
  0x00000246ca97e610 JavaThread "Stdin handler"                     [_thread_blocked, id=27628, stack(0x000000ca89400000,0x000000ca89500000) (1024K)]
  0x00000246ca97f330 JavaThread "Daemon client event forwarder"        [_thread_blocked, id=5544, stack(0x000000ca89500000,0x000000ca89600000) (1024K)]
  0x00000246ca97d8f0 JavaThread "Cache worker for journal cache (C:\Users\deepa\.gradle\caches\journal-1)"        [_thread_blocked, id=25176, stack(0x000000ca89c00000,0x000000ca89d00000) (1024K)]
  0x00000246ca980050 JavaThread "File lock request listener"        [_thread_in_native, id=27536, stack(0x000000ca89d00000,0x000000ca89e00000) (1024K)]
  0x00000246ca9806e0 JavaThread "Cache worker for file hash cache (C:\Users\deepa\.gradle\caches\8.13\fileHashes)"        [_thread_blocked, id=25768, stack(0x000000ca89e00000,0x000000ca89f00000) (1024K)]
  0x00000246ca97df80 JavaThread "Cache worker for file hash cache (E:\Mob_Sys\MyApplication2\.gradle\8.13\fileHashes)"        [_thread_blocked, id=19176, stack(0x000000ca8a000000,0x000000ca8a100000) (1024K)]
  0x00000246cb432db0 JavaThread "Cache worker for Build Output Cleanup Cache (E:\Mob_Sys\MyApplication2\.gradle\buildOutputCleanup)"        [_thread_blocked, id=22048, stack(0x000000ca8a100000,0x000000ca8a200000) (1024K)]
  0x00000246cb431a00 JavaThread "File watcher server"        daemon [_thread_in_native, id=19816, stack(0x000000ca8a200000,0x000000ca8a300000) (1024K)]
  0x00000246cb431370 JavaThread "File watcher consumer"      daemon [_thread_blocked, id=9020, stack(0x000000ca8a300000,0x000000ca8a400000) (1024K)]
  0x00000246cb430ce0 JavaThread "jar transforms"                    [_thread_blocked, id=25812, stack(0x000000ca8a400000,0x000000ca8a500000) (1024K)]
  0x00000246cb430650 JavaThread "jar transforms Thread 2"           [_thread_blocked, id=22648, stack(0x000000ca8a500000,0x000000ca8a600000) (1024K)]
  0x00000246cb433440 JavaThread "jar transforms Thread 3"           [_thread_blocked, id=12200, stack(0x000000ca8a600000,0x000000ca8a700000) (1024K)]
  0x00000246cb433ad0 JavaThread "jar transforms Thread 4"           [_thread_blocked, id=3492, stack(0x000000ca8a700000,0x000000ca8a800000) (1024K)]
  0x00000246cb434160 JavaThread "jar transforms Thread 5"           [_thread_blocked, id=12248, stack(0x000000ca8a800000,0x000000ca8a900000) (1024K)]
  0x00000246cb432720 JavaThread "jar transforms Thread 6"           [_thread_blocked, id=27524, stack(0x000000ca8a900000,0x000000ca8aa00000) (1024K)]
  0x00000246cb4347f0 JavaThread "jar transforms Thread 7"           [_thread_blocked, id=23004, stack(0x000000ca8aa00000,0x000000ca8ab00000) (1024K)]
  0x00000246cb434e80 JavaThread "jar transforms Thread 8"           [_thread_blocked, id=19356, stack(0x000000ca8ab00000,0x000000ca8ac00000) (1024K)]
  0x00000246cb435510 JavaThread "jar transforms Thread 9"           [_thread_blocked, id=17432, stack(0x000000ca8ac00000,0x000000ca8ad00000) (1024K)]
  0x00000246cb432090 JavaThread "jar transforms Thread 10"          [_thread_blocked, id=27016, stack(0x000000ca8ad00000,0x000000ca8ae00000) (1024K)]
  0x00000246cb435ba0 JavaThread "jar transforms Thread 11"          [_thread_blocked, id=20668, stack(0x000000ca8ae00000,0x000000ca8af00000) (1024K)]
  0x00000246cb4375e0 JavaThread "jar transforms Thread 12"          [_thread_blocked, id=23752, stack(0x000000ca8af00000,0x000000ca8b000000) (1024K)]
  0x00000246cb437c70 JavaThread "Cache worker for checksums cache (E:\Mob_Sys\MyApplication2\.gradle\8.13\checksums)"        [_thread_blocked, id=2296, stack(0x000000ca8b100000,0x000000ca8b200000) (1024K)]
  0x00000246cb4368c0 JavaThread "Cache worker for file content cache (C:\Users\deepa\.gradle\caches\8.13\fileContent)"        [_thread_blocked, id=19484, stack(0x000000ca8b200000,0x000000ca8b300000) (1024K)]
  0x00000246cbd8c160 JavaThread "Cache worker for cache directory md-supplier (C:\Users\deepa\.gradle\caches\8.13\md-supplier)"        [_thread_blocked, id=17800, stack(0x000000ca8b300000,0x000000ca8b400000) (1024K)]
  0x00000246cbd8ce80 JavaThread "Cache worker for cache directory md-rule (C:\Users\deepa\.gradle\caches\8.13\md-rule)"        [_thread_blocked, id=21392, stack(0x000000ca8b400000,0x000000ca8b500000) (1024K)]
  0x00000246cbd8c7f0 JavaThread "Unconstrained build operations"        [_thread_blocked, id=17424, stack(0x000000ca8b000000,0x000000ca8b100000) (1024K)]
  0x00000246cbd8b440 JavaThread "Unconstrained build operations Thread 2"        [_thread_blocked, id=20616, stack(0x000000ca8b500000,0x000000ca8b600000) (1024K)]
  0x00000246cbd8a090 JavaThread "Unconstrained build operations Thread 3"        [_thread_blocked, id=4376, stack(0x000000ca8b700000,0x000000ca8b800000) (1024K)]
  0x00000246cbd8dba0 JavaThread "Unconstrained build operations Thread 4"        [_thread_blocked, id=11312, stack(0x000000ca8b800000,0x000000ca8b900000) (1024K)]
  0x00000246cacafde0 JavaThread "C2 CompilerThread1"         daemon [_thread_in_native, id=26500, stack(0x000000ca89f00000,0x000000ca8a000000) (1024K)]
Total: 49

Other Threads:
  0x00000246c476e580 VMThread "VM Thread"                           [id=21204, stack(0x000000ca87c00000,0x000000ca87d00000) (1024K)]
  0x00000246c46eb510 WatcherThread "VM Periodic Task Thread"        [id=12680, stack(0x000000ca87b00000,0x000000ca87c00000) (1024K)]
  0x00000246aadb2090 WorkerThread "GC Thread#0"                     [id=13412, stack(0x000000ca87600000,0x000000ca87700000) (1024K)]
  0x00000246c92953c0 WorkerThread "GC Thread#1"                     [id=17936, stack(0x000000ca88900000,0x000000ca88a00000) (1024K)]
  0x00000246c95bf750 WorkerThread "GC Thread#2"                     [id=8880, stack(0x000000ca88a00000,0x000000ca88b00000) (1024K)]
  0x00000246c9cadb00 WorkerThread "GC Thread#3"                     [id=12116, stack(0x000000ca88b00000,0x000000ca88c00000) (1024K)]
  0x00000246ca07ad10 WorkerThread "GC Thread#4"                     [id=25300, stack(0x000000ca88c00000,0x000000ca88d00000) (1024K)]
  0x00000246c9199990 WorkerThread "GC Thread#5"                     [id=3332, stack(0x000000ca88700000,0x000000ca88800000) (1024K)]
  0x00000246ca832660 WorkerThread "GC Thread#6"                     [id=8116, stack(0x000000ca89600000,0x000000ca89700000) (1024K)]
  0x00000246ca8310a0 WorkerThread "GC Thread#7"                     [id=22084, stack(0x000000ca89700000,0x000000ca89800000) (1024K)]
  0x00000246ca831f20 WorkerThread "GC Thread#8"                     [id=3548, stack(0x000000ca89800000,0x000000ca89900000) (1024K)]
  0x00000246ca831b80 WorkerThread "GC Thread#9"                     [id=23260, stack(0x000000ca89900000,0x000000ca89a00000) (1024K)]
  0x00000246aadc3dc0 ConcurrentGCThread "G1 Main Marker"            [id=15976, stack(0x000000ca87700000,0x000000ca87800000) (1024K)]
  0x00000246aadc4f70 WorkerThread "G1 Conc#0"                       [id=17396, stack(0x000000ca87800000,0x000000ca87900000) (1024K)]
  0x00000246ca831440 WorkerThread "G1 Conc#1"                       [id=5060, stack(0x000000ca89a00000,0x000000ca89b00000) (1024K)]
  0x00000246ca8322c0 WorkerThread "G1 Conc#2"                       [id=9644, stack(0x000000ca89b00000,0x000000ca89c00000) (1024K)]
  0x00000246c45c0570 ConcurrentGCThread "G1 Refine#0"               [id=20556, stack(0x000000ca87900000,0x000000ca87a00000) (1024K)]
  0x00000246c45c0d90 ConcurrentGCThread "G1 Service"                [id=11420, stack(0x000000ca87a00000,0x000000ca87b00000) (1024K)]
Total: 18

Threads with active compile tasks:
C2 CompilerThread0  33783 5428   !   4       java.net.URLClassLoader::findClass (47 bytes)
C2 CompilerThread1  33784 5429       4       java.net.URLClassLoader$1::run (5 bytes)
Total: 2

VM state: not at safepoint (normal execution)

VM Mutex/Monitor currently owned by a thread: None

Heap address: 0x0000000080000000, size: 2048 MB, Compressed Oops mode: 32-bit

CDS archive(s) not mapped
Compressed class space mapped at: 0x0000000100000000-0x0000000140000000, reserved size: 1073741824
Narrow klass base: 0x0000000000000000, Narrow klass shift: 3, Narrow klass range: 0x140000000

GC Precious Log:
 CardTable entry size: 512
 Card Set container configuration: InlinePtr #cards 5 size 8 Array Of Cards #cards 12 size 40 Howl #buckets 4 coarsen threshold 1843 Howl Bitmap #cards 512 size 80 coarsen threshold 460 Card regions per heap region 1 cards per card region 2048
 CPUs: 12 total, 12 available
 Memory: 8013M
 Large Page Support: Disabled
 NUMA Support: Disabled
 Compressed Oops: Enabled (32-bit)
 Heap Region Size: 1M
 Heap Min Capacity: 8M
 Heap Initial Capacity: 126M
 Heap Max Capacity: 2G
 Pre-touch: Disabled
 Parallel Workers: 10
 Concurrent Workers: 3
 Concurrent Refinement Workers: 10
 Periodic GC: Disabled

Heap:
 garbage-first heap   total 144384K, used 87897K [0x0000000080000000, 0x0000000100000000)
  region size 1024K, 17 young (17408K), 4 survivors (4096K)
 Metaspace       used 59404K, committed 60928K, reserved 1114112K
  class space    used 8322K, committed 9088K, reserved 1048576K

Heap Regions: E=young(eden), S=young(survivor), O=old, HS=humongous(starts), HC=humongous(continues), CS=collection set, F=free, TAMS=top-at-mark-start, PB=parsable bottom
|   0|0x0000000080000000, 0x0000000080100000, 0x0000000080100000|100%|HS|  |TAMS 0x0000000080000000| PB 0x0000000080000000| Complete 
|   1|0x0000000080100000, 0x0000000080200000, 0x0000000080200000|100%|HC|  |TAMS 0x0000000080100000| PB 0x0000000080100000| Complete 
|   2|0x0000000080200000, 0x0000000080300000, 0x0000000080300000|100%|HC|  |TAMS 0x0000000080200000| PB 0x0000000080200000| Complete 
|   3|0x0000000080300000, 0x0000000080400000, 0x0000000080400000|100%| O|  |TAMS 0x0000000080300000| PB 0x0000000080300000| Untracked 
|   4|0x0000000080400000, 0x0000000080500000, 0x0000000080500000|100%| O|  |TAMS 0x0000000080400000| PB 0x0000000080400000| Untracked 
|   5|0x0000000080500000, 0x0000000080600000, 0x0000000080600000|100%| O|  |TAMS 0x0000000080500000| PB 0x0000000080500000| Untracked 
|   6|0x0000000080600000, 0x0000000080700000, 0x0000000080700000|100%|HS|  |TAMS 0x0000000080600000| PB 0x0000000080600000| Complete 
|   7|0x0000000080700000, 0x0000000080800000, 0x0000000080800000|100%| O|  |TAMS 0x0000000080700000| PB 0x0000000080700000| Untracked 
|   8|0x0000000080800000, 0x0000000080900000, 0x0000000080900000|100%| O|  |TAMS 0x0000000080800000| PB 0x0000000080800000| Untracked 
|   9|0x0000000080900000, 0x0000000080a00000, 0x0000000080a00000|100%| O|  |TAMS 0x0000000080900000| PB 0x0000000080900000| Untracked 
|  10|0x0000000080a00000, 0x0000000080b00000, 0x0000000080b00000|100%| O|  |TAMS 0x0000000080a00000| PB 0x0000000080a00000| Untracked 
|  11|0x0000000080b00000, 0x0000000080c00000, 0x0000000080c00000|100%| O|  |TAMS 0x0000000080b00000| PB 0x0000000080b00000| Untracked 
|  12|0x0000000080c00000, 0x0000000080d00000, 0x0000000080d00000|100%| O|  |TAMS 0x0000000080c00000| PB 0x0000000080c00000| Untracked 
|  13|0x0000000080d00000, 0x0000000080e00000, 0x0000000080e00000|100%| O|  |TAMS 0x0000000080d00000| PB 0x0000000080d00000| Untracked 
|  14|0x0000000080e00000, 0x0000000080f00000, 0x0000000080f00000|100%| O|  |TAMS 0x0000000080e00000| PB 0x0000000080e00000| Untracked 
|  15|0x0000000080f00000, 0x0000000081000000, 0x0000000081000000|100%| O|  |TAMS 0x0000000080f00000| PB 0x0000000080f00000| Untracked 
|  16|0x0000000081000000, 0x0000000081100000, 0x0000000081100000|100%| O|  |TAMS 0x0000000081000000| PB 0x0000000081000000| Untracked 
|  17|0x0000000081100000, 0x0000000081200000, 0x0000000081200000|100%| O|  |TAMS 0x0000000081100000| PB 0x0000000081100000| Untracked 
|  18|0x0000000081200000, 0x0000000081300000, 0x0000000081300000|100%| O|  |TAMS 0x0000000081200000| PB 0x0000000081200000| Untracked 
|  19|0x0000000081300000, 0x0000000081400000, 0x0000000081400000|100%| O|  |TAMS 0x0000000081300000| PB 0x0000000081300000| Untracked 
|  20|0x0000000081400000, 0x0000000081500000, 0x0000000081500000|100%| O|  |TAMS 0x0000000081400000| PB 0x0000000081400000| Untracked 
|  21|0x0000000081500000, 0x0000000081600000, 0x0000000081600000|100%| O|  |TAMS 0x0000000081500000| PB 0x0000000081500000| Untracked 
|  22|0x0000000081600000, 0x0000000081700000, 0x0000000081700000|100%|HS|  |TAMS 0x0000000081600000| PB 0x0000000081600000| Complete 
|  23|0x0000000081700000, 0x0000000081800000, 0x0000000081800000|100%|HC|  |TAMS 0x0000000081700000| PB 0x0000000081700000| Complete 
|  24|0x0000000081800000, 0x0000000081900000, 0x0000000081900000|100%|HC|  |TAMS 0x0000000081800000| PB 0x0000000081800000| Complete 
|  25|0x0000000081900000, 0x0000000081a00000, 0x0000000081a00000|100%|HC|  |TAMS 0x0000000081900000| PB 0x0000000081900000| Complete 
|  26|0x0000000081a00000, 0x0000000081b00000, 0x0000000081b00000|100%|HC|  |TAMS 0x0000000081a00000| PB 0x0000000081a00000| Complete 
|  27|0x0000000081b00000, 0x0000000081c00000, 0x0000000081c00000|100%|HC|  |TAMS 0x0000000081b00000| PB 0x0000000081b00000| Complete 
|  28|0x0000000081c00000, 0x0000000081d00000, 0x0000000081d00000|100%|HS|  |TAMS 0x0000000081c00000| PB 0x0000000081c00000| Complete 
|  29|0x0000000081d00000, 0x0000000081e00000, 0x0000000081e00000|100%|HS|  |TAMS 0x0000000081d00000| PB 0x0000000081d00000| Complete 
|  30|0x0000000081e00000, 0x0000000081f00000, 0x0000000081f00000|100%|HC|  |TAMS 0x0000000081e00000| PB 0x0000000081e00000| Complete 
|  31|0x0000000081f00000, 0x0000000082000000, 0x0000000082000000|100%|HC|  |TAMS 0x0000000081f00000| PB 0x0000000081f00000| Complete 
|  32|0x0000000082000000, 0x0000000082100000, 0x0000000082100000|100%|HC|  |TAMS 0x0000000082000000| PB 0x0000000082000000| Complete 
|  33|0x0000000082100000, 0x0000000082200000, 0x0000000082200000|100%|HS|  |TAMS 0x0000000082100000| PB 0x0000000082100000| Complete 
|  34|0x0000000082200000, 0x0000000082300000, 0x0000000082300000|100%|HC|  |TAMS 0x0000000082200000| PB 0x0000000082200000| Complete 
|  35|0x0000000082300000, 0x0000000082400000, 0x0000000082400000|100%|HS|  |TAMS 0x0000000082300000| PB 0x0000000082300000| Complete 
|  36|0x0000000082400000, 0x0000000082500000, 0x0000000082500000|100%|HS|  |TAMS 0x0000000082400000| PB 0x0000000082400000| Complete 
|  37|0x0000000082500000, 0x0000000082600000, 0x0000000082600000|100%|HC|  |TAMS 0x0000000082500000| PB 0x0000000082500000| Complete 
|  38|0x0000000082600000, 0x0000000082700000, 0x0000000082700000|100%|HC|  |TAMS 0x0000000082600000| PB 0x0000000082600000| Complete 
|  39|0x0000000082700000, 0x0000000082800000, 0x0000000082800000|100%|HC|  |TAMS 0x0000000082700000| PB 0x0000000082700000| Complete 
|  40|0x0000000082800000, 0x0000000082900000, 0x0000000082900000|100%|HC|  |TAMS 0x0000000082800000| PB 0x0000000082800000| Complete 
|  41|0x0000000082900000, 0x0000000082a00000, 0x0000000082a00000|100%|HC|  |TAMS 0x0000000082900000| PB 0x0000000082900000| Complete 
|  42|0x0000000082a00000, 0x0000000082b00000, 0x0000000082b00000|100%|HS|  |TAMS 0x0000000082a00000| PB 0x0000000082a00000| Complete 
|  43|0x0000000082b00000, 0x0000000082c00000, 0x0000000082c00000|100%|HS|  |TAMS 0x0000000082b00000| PB 0x0000000082b00000| Complete 
|  44|0x0000000082c00000, 0x0000000082d00000, 0x0000000082d00000|100%|HC|  |TAMS 0x0000000082c00000| PB 0x0000000082c00000| Complete 
|  45|0x0000000082d00000, 0x0000000082e00000, 0x0000000082e00000|100%|HC|  |TAMS 0x0000000082d00000| PB 0x0000000082d00000| Complete 
|  46|0x0000000082e00000, 0x0000000082f00000, 0x0000000082f00000|100%|HC|  |TAMS 0x0000000082e00000| PB 0x0000000082e00000| Complete 
|  47|0x0000000082f00000, 0x0000000083000000, 0x0000000083000000|100%|HS|  |TAMS 0x0000000082f00000| PB 0x0000000082f00000| Complete 
|  48|0x0000000083000000, 0x0000000083100000, 0x0000000083100000|100%|HC|  |TAMS 0x0000000083000000| PB 0x0000000083000000| Complete 
|  49|0x0000000083100000, 0x0000000083200000, 0x0000000083200000|100%|HS|  |TAMS 0x0000000083100000| PB 0x0000000083100000| Complete 
|  50|0x0000000083200000, 0x0000000083300000, 0x0000000083300000|100%| O|  |TAMS 0x0000000083200000| PB 0x0000000083200000| Untracked 
|  51|0x0000000083300000, 0x0000000083400000, 0x0000000083400000|100%| O|Cm|TAMS 0x0000000083300000| PB 0x0000000083300000| Complete 
|  52|0x0000000083400000, 0x0000000083500000, 0x0000000083500000|100%| O|  |TAMS 0x0000000083400000| PB 0x0000000083400000| Untracked 
|  53|0x0000000083500000, 0x0000000083600000, 0x0000000083600000|100%| O|  |TAMS 0x0000000083500000| PB 0x0000000083500000| Untracked 
|  54|0x0000000083600000, 0x0000000083700000, 0x0000000083700000|100%| O|  |TAMS 0x0000000083600000| PB 0x0000000083600000| Untracked 
|  55|0x0000000083700000, 0x0000000083800000, 0x0000000083800000|100%| O|  |TAMS 0x0000000083700000| PB 0x0000000083700000| Untracked 
|  56|0x0000000083800000, 0x0000000083900000, 0x0000000083900000|100%| O|  |TAMS 0x0000000083800000| PB 0x0000000083800000| Untracked 
|  57|0x0000000083900000, 0x0000000083a00000, 0x0000000083a00000|100%| O|Cm|TAMS 0x0000000083900000| PB 0x0000000083900000| Complete 
|  58|0x0000000083a00000, 0x0000000083b00000, 0x0000000083b00000|100%| O|  |TAMS 0x0000000083a00000| PB 0x0000000083a00000| Untracked 
|  59|0x0000000083b00000, 0x0000000083c00000, 0x0000000083c00000|100%| O|  |TAMS 0x0000000083b00000| PB 0x0000000083b00000| Untracked 
|  60|0x0000000083c00000, 0x0000000083d00000, 0x0000000083d00000|100%| O|  |TAMS 0x0000000083c00000| PB 0x0000000083c00000| Untracked 
|  61|0x0000000083d00000, 0x0000000083e00000, 0x0000000083e00000|100%| O|  |TAMS 0x0000000083d00000| PB 0x0000000083d00000| Untracked 
|  62|0x0000000083e00000, 0x0000000083f00000, 0x0000000083f00000|100%|HS|  |TAMS 0x0000000083e00000| PB 0x0000000083e00000| Complete 
|  63|0x0000000083f00000, 0x0000000084000000, 0x0000000084000000|100%|HC|  |TAMS 0x0000000083f00000| PB 0x0000000083f00000| Complete 
|  64|0x0000000084000000, 0x0000000084100000, 0x0000000084100000|100%| O|  |TAMS 0x0000000084000000| PB 0x0000000084000000| Untracked 
|  65|0x0000000084100000, 0x00000000841dea68, 0x0000000084200000| 86%| O|  |TAMS 0x0000000084100000| PB 0x0000000084100000| Untracked 
|  66|0x0000000084200000, 0x0000000084200000, 0x0000000084300000|  0%| F|  |TAMS 0x0000000084200000| PB 0x0000000084200000| Untracked 
|  67|0x0000000084300000, 0x0000000084300000, 0x0000000084400000|  0%| F|  |TAMS 0x0000000084300000| PB 0x0000000084300000| Untracked 
|  68|0x0000000084400000, 0x0000000084400000, 0x0000000084500000|  0%| F|  |TAMS 0x0000000084400000| PB 0x0000000084400000| Untracked 
|  69|0x0000000084500000, 0x0000000084500000, 0x0000000084600000|  0%| F|  |TAMS 0x0000000084500000| PB 0x0000000084500000| Untracked 
|  70|0x0000000084600000, 0x0000000084600000, 0x0000000084700000|  0%| F|  |TAMS 0x0000000084600000| PB 0x0000000084600000| Untracked 
|  71|0x0000000084700000, 0x0000000084700000, 0x0000000084800000|  0%| F|  |TAMS 0x0000000084700000| PB 0x0000000084700000| Untracked 
|  72|0x0000000084800000, 0x0000000084800000, 0x0000000084900000|  0%| F|  |TAMS 0x0000000084800000| PB 0x0000000084800000| Untracked 
|  73|0x0000000084900000, 0x0000000084900000, 0x0000000084a00000|  0%| F|  |TAMS 0x0000000084900000| PB 0x0000000084900000| Untracked 
|  74|0x0000000084a00000, 0x0000000084a00000, 0x0000000084b00000|  0%| F|  |TAMS 0x0000000084a00000| PB 0x0000000084a00000| Untracked 
|  75|0x0000000084b00000, 0x0000000084b00000, 0x0000000084c00000|  0%| F|  |TAMS 0x0000000084b00000| PB 0x0000000084b00000| Untracked 
|  76|0x0000000084c00000, 0x0000000084c00000, 0x0000000084d00000|  0%| F|  |TAMS 0x0000000084c00000| PB 0x0000000084c00000| Untracked 
|  77|0x0000000084d00000, 0x0000000084d00000, 0x0000000084e00000|  0%| F|  |TAMS 0x0000000084d00000| PB 0x0000000084d00000| Untracked 
|  78|0x0000000084e00000, 0x0000000084e00000, 0x0000000084f00000|  0%| F|  |TAMS 0x0000000084e00000| PB 0x0000000084e00000| Untracked 
|  79|0x0000000084f00000, 0x0000000084f00000, 0x0000000085000000|  0%| F|  |TAMS 0x0000000084f00000| PB 0x0000000084f00000| Untracked 
|  80|0x0000000085000000, 0x0000000085000000, 0x0000000085100000|  0%| F|  |TAMS 0x0000000085000000| PB 0x0000000085000000| Untracked 
|  81|0x0000000085100000, 0x00000000851f7ca0, 0x0000000085200000| 96%| S|CS|TAMS 0x0000000085100000| PB 0x0000000085100000| Complete 
|  82|0x0000000085200000, 0x0000000085300000, 0x0000000085300000|100%| S|CS|TAMS 0x0000000085200000| PB 0x0000000085200000| Complete 
|  83|0x0000000085300000, 0x0000000085400000, 0x0000000085400000|100%| S|CS|TAMS 0x0000000085300000| PB 0x0000000085300000| Complete 
|  84|0x0000000085400000, 0x0000000085500000, 0x0000000085500000|100%| S|CS|TAMS 0x0000000085400000| PB 0x0000000085400000| Complete 
|  85|0x0000000085500000, 0x0000000085500000, 0x0000000085600000|  0%| F|  |TAMS 0x0000000085500000| PB 0x0000000085500000| Untracked 
|  86|0x0000000085600000, 0x0000000085600000, 0x0000000085700000|  0%| F|  |TAMS 0x0000000085600000| PB 0x0000000085600000| Untracked 
|  87|0x0000000085700000, 0x0000000085700000, 0x0000000085800000|  0%| F|  |TAMS 0x0000000085700000| PB 0x0000000085700000| Untracked 
|  88|0x0000000085800000, 0x0000000085800000, 0x0000000085900000|  0%| F|  |TAMS 0x0000000085800000| PB 0x0000000085800000| Untracked 
|  89|0x0000000085900000, 0x0000000085900000, 0x0000000085a00000|  0%| F|  |TAMS 0x0000000085900000| PB 0x0000000085900000| Untracked 
|  90|0x0000000085a00000, 0x0000000085a00000, 0x0000000085b00000|  0%| F|  |TAMS 0x0000000085a00000| PB 0x0000000085a00000| Untracked 
|  91|0x0000000085b00000, 0x0000000085b00000, 0x0000000085c00000|  0%| F|  |TAMS 0x0000000085b00000| PB 0x0000000085b00000| Untracked 
|  92|0x0000000085c00000, 0x0000000085c00000, 0x0000000085d00000|  0%| F|  |TAMS 0x0000000085c00000| PB 0x0000000085c00000| Untracked 
|  93|0x0000000085d00000, 0x0000000085d00000, 0x0000000085e00000|  0%| F|  |TAMS 0x0000000085d00000| PB 0x0000000085d00000| Untracked 
|  94|0x0000000085e00000, 0x0000000085e00000, 0x0000000085f00000|  0%| F|  |TAMS 0x0000000085e00000| PB 0x0000000085e00000| Untracked 
|  95|0x0000000085f00000, 0x0000000085f00000, 0x0000000086000000|  0%| F|  |TAMS 0x0000000085f00000| PB 0x0000000085f00000| Untracked 
|  96|0x0000000086000000, 0x0000000086000000, 0x0000000086100000|  0%| F|  |TAMS 0x0000000086000000| PB 0x0000000086000000| Untracked 
|  97|0x0000000086100000, 0x0000000086100000, 0x0000000086200000|  0%| F|  |TAMS 0x0000000086100000| PB 0x0000000086100000| Untracked 
|  98|0x0000000086200000, 0x0000000086200000, 0x0000000086300000|  0%| F|  |TAMS 0x0000000086200000| PB 0x0000000086200000| Untracked 
|  99|0x0000000086300000, 0x0000000086300000, 0x0000000086400000|  0%| F|  |TAMS 0x0000000086300000| PB 0x0000000086300000| Untracked 
| 100|0x0000000086400000, 0x0000000086400000, 0x0000000086500000|  0%| F|  |TAMS 0x0000000086400000| PB 0x0000000086400000| Untracked 
| 101|0x0000000086500000, 0x0000000086500000, 0x0000000086600000|  0%| F|  |TAMS 0x0000000086500000| PB 0x0000000086500000| Untracked 
| 102|0x0000000086600000, 0x0000000086600000, 0x0000000086700000|  0%| F|  |TAMS 0x0000000086600000| PB 0x0000000086600000| Untracked 
| 103|0x0000000086700000, 0x0000000086700000, 0x0000000086800000|  0%| F|  |TAMS 0x0000000086700000| PB 0x0000000086700000| Untracked 
| 104|0x0000000086800000, 0x0000000086800000, 0x0000000086900000|  0%| F|  |TAMS 0x0000000086800000| PB 0x0000000086800000| Untracked 
| 105|0x0000000086900000, 0x0000000086900000, 0x0000000086a00000|  0%| F|  |TAMS 0x0000000086900000| PB 0x0000000086900000| Untracked 
| 106|0x0000000086a00000, 0x0000000086a00000, 0x0000000086b00000|  0%| F|  |TAMS 0x0000000086a00000| PB 0x0000000086a00000| Untracked 
| 107|0x0000000086b00000, 0x0000000086b00000, 0x0000000086c00000|  0%| F|  |TAMS 0x0000000086b00000| PB 0x0000000086b00000| Untracked 
| 108|0x0000000086c00000, 0x0000000086c00000, 0x0000000086d00000|  0%| F|  |TAMS 0x0000000086c00000| PB 0x0000000086c00000| Untracked 
| 109|0x0000000086d00000, 0x0000000086d00000, 0x0000000086e00000|  0%| F|  |TAMS 0x0000000086d00000| PB 0x0000000086d00000| Untracked 
| 110|0x0000000086e00000, 0x0000000086e00000, 0x0000000086f00000|  0%| F|  |TAMS 0x0000000086e00000| PB 0x0000000086e00000| Untracked 
| 111|0x0000000086f00000, 0x0000000086f00000, 0x0000000087000000|  0%| F|  |TAMS 0x0000000086f00000| PB 0x0000000086f00000| Untracked 
| 112|0x0000000087000000, 0x0000000087000000, 0x0000000087100000|  0%| F|  |TAMS 0x0000000087000000| PB 0x0000000087000000| Untracked 
| 113|0x0000000087100000, 0x0000000087100000, 0x0000000087200000|  0%| F|  |TAMS 0x0000000087100000| PB 0x0000000087100000| Untracked 
| 114|0x0000000087200000, 0x0000000087200000, 0x0000000087300000|  0%| F|  |TAMS 0x0000000087200000| PB 0x0000000087200000| Untracked 
| 115|0x0000000087300000, 0x0000000087300000, 0x0000000087400000|  0%| F|  |TAMS 0x0000000087300000| PB 0x0000000087300000| Untracked 
| 116|0x0000000087400000, 0x0000000087400000, 0x0000000087500000|  0%| F|  |TAMS 0x0000000087400000| PB 0x0000000087400000| Untracked 
| 117|0x0000000087500000, 0x0000000087500000, 0x0000000087600000|  0%| F|  |TAMS 0x0000000087500000| PB 0x0000000087500000| Untracked 
| 118|0x0000000087600000, 0x0000000087600000, 0x0000000087700000|  0%| F|  |TAMS 0x0000000087600000| PB 0x0000000087600000| Untracked 
| 119|0x0000000087700000, 0x0000000087700000, 0x0000000087800000|  0%| F|  |TAMS 0x0000000087700000| PB 0x0000000087700000| Untracked 
| 120|0x0000000087800000, 0x0000000087800000, 0x0000000087900000|  0%| F|  |TAMS 0x0000000087800000| PB 0x0000000087800000| Untracked 
| 121|0x0000000087900000, 0x0000000087900000, 0x0000000087a00000|  0%| F|  |TAMS 0x0000000087900000| PB 0x0000000087900000| Untracked 
| 122|0x0000000087a00000, 0x0000000087a00000, 0x0000000087b00000|  0%| F|  |TAMS 0x0000000087a00000| PB 0x0000000087a00000| Untracked 
| 123|0x0000000087b00000, 0x0000000087b00000, 0x0000000087c00000|  0%| F|  |TAMS 0x0000000087b00000| PB 0x0000000087b00000| Untracked 
| 124|0x0000000087c00000, 0x0000000087c9fc10, 0x0000000087d00000| 62%| E|  |TAMS 0x0000000087c00000| PB 0x0000000087c00000| Complete 
| 125|0x0000000087d00000, 0x0000000087e00000, 0x0000000087e00000|100%| E|CS|TAMS 0x0000000087d00000| PB 0x0000000087d00000| Complete 
| 126|0x0000000087e00000, 0x0000000087f00000, 0x0000000087f00000|100%| E|CS|TAMS 0x0000000087e00000| PB 0x0000000087e00000| Complete 
| 127|0x0000000087f00000, 0x0000000088000000, 0x0000000088000000|100%| E|CS|TAMS 0x0000000087f00000| PB 0x0000000087f00000| Complete 
| 128|0x0000000088000000, 0x0000000088100000, 0x0000000088100000|100%| E|CS|TAMS 0x0000000088000000| PB 0x0000000088000000| Complete 
| 129|0x0000000088100000, 0x0000000088200000, 0x0000000088200000|100%| E|CS|TAMS 0x0000000088100000| PB 0x0000000088100000| Complete 
| 130|0x0000000088200000, 0x0000000088300000, 0x0000000088300000|100%| E|CS|TAMS 0x0000000088200000| PB 0x0000000088200000| Complete 
| 131|0x0000000088300000, 0x0000000088400000, 0x0000000088400000|100%| E|CS|TAMS 0x0000000088300000| PB 0x0000000088300000| Complete 
| 132|0x0000000088400000, 0x0000000088500000, 0x0000000088500000|100%| E|CS|TAMS 0x0000000088400000| PB 0x0000000088400000| Complete 
| 133|0x0000000088500000, 0x0000000088600000, 0x0000000088600000|100%| E|CS|TAMS 0x0000000088500000| PB 0x0000000088500000| Complete 
| 134|0x0000000088600000, 0x0000000088700000, 0x0000000088700000|100%| E|CS|TAMS 0x0000000088600000| PB 0x0000000088600000| Complete 
| 135|0x0000000088700000, 0x0000000088800000, 0x0000000088800000|100%| E|CS|TAMS 0x0000000088700000| PB 0x0000000088700000| Complete 
| 136|0x0000000088800000, 0x0000000088900000, 0x0000000088900000|100%| E|CS|TAMS 0x0000000088800000| PB 0x0000000088800000| Complete 
|2044|0x00000000ffc00000, 0x00000000ffd00000, 0x00000000ffd00000|100%| O|  |TAMS 0x00000000ffc00000| PB 0x00000000ffc00000| Untracked 
|2045|0x00000000ffd00000, 0x00000000ffe00000, 0x00000000ffe00000|100%| O|  |TAMS 0x00000000ffd00000| PB 0x00000000ffd00000| Untracked 
|2046|0x00000000ffe00000, 0x00000000fff00000, 0x00000000fff00000|100%| O|  |TAMS 0x00000000ffe00000| PB 0x00000000ffe00000| Untracked 
|2047|0x00000000fff00000, 0x0000000100000000, 0x0000000100000000|100%| O|  |TAMS 0x00000000fff00000| PB 0x00000000fff00000| Untracked 

Card table byte_map: [0x00000246bf640000,0x00000246bfa40000] _byte_map_base: 0x00000246bf240000

Marking Bits: (CMBitMap*) 0x00000246aadb26a0
 Bits: [0x00000246bfa40000, 0x00000246c1a40000)

Polling page: 0x00000246af570000

Metaspace:

Usage:
  Non-class:     49.91 MB used.
      Class:      8.13 MB used.
       Both:     58.04 MB used.

Virtual space:
  Non-class space:       64.00 MB reserved,      50.62 MB ( 79%) committed,  1 nodes.
      Class space:        1.00 GB reserved,       8.88 MB ( <1%) committed,  1 nodes.
             Both:        1.06 GB reserved,      59.50 MB (  5%) committed. 

Chunk freelists:
   Non-Class:  13.33 MB
       Class:  7.09 MB
        Both:  20.39 MB

MaxMetaspaceSize: unlimited
CompressedClassSpaceSize: 1.00 GB
Initial GC threshold: 21.00 MB
Current GC threshold: 91.38 MB
CDS: off
 - commit_granule_bytes: 65536.
 - commit_granule_words: 8192.
 - virtual_space_node_default_size: 8388608.
 - enlarge_chunks_in_place: 1.
 - use_allocation_guard: 0.


Internal statistics:

num_allocs_failed_limit: 6.
num_arena_births: 2806.
num_arena_deaths: 0.
num_vsnodes_births: 2.
num_vsnodes_deaths: 0.
num_space_committed: 953.
num_space_uncommitted: 0.
num_chunks_returned_to_freelist: 6.
num_chunks_taken_from_freelist: 5174.
num_chunk_merges: 6.
num_chunk_splits: 3310.
num_chunks_enlarged: 1980.
num_inconsistent_stats: 0.

CodeHeap 'non-profiled nmethods': size=120000Kb used=2745Kb max_used=2837Kb free=117254Kb
 bounds [0x00000246b7060000, 0x00000246b7330000, 0x00000246be590000]
CodeHeap 'profiled nmethods': size=120000Kb used=8953Kb max_used=8953Kb free=111046Kb
 bounds [0x00000246af590000, 0x00000246afe50000, 0x00000246b6ac0000]
CodeHeap 'non-nmethods': size=5760Kb used=2709Kb max_used=2747Kb free=3050Kb
 bounds [0x00000246b6ac0000, 0x00000246b6d80000, 0x00000246b7060000]
 total_blobs=5609 nmethods=4748 adapters=765
 compilation: enabled
              stopped_count=0, restarted_count=0
 full_count=0

Compilation events (20 events):
Event: 31.980 Thread 0x00000246c4963210 5468       3       org.gradle.internal.snapshot.VfsRelativePath::of (10 bytes)
Event: 31.980 Thread 0x00000246c4963210 nmethod 5468 0x00000246afe36890 code [0x00000246afe36a40, 0x00000246afe36ca0]
Event: 31.986 Thread 0x00000246c4963210 5469       3       com.google.common.collect.SingletonImmutableList::iterator (8 bytes)
Event: 31.986 Thread 0x00000246c4963210 nmethod 5469 0x00000246afe36d90 code [0x00000246afe36f60, 0x00000246afe37290]
Event: 32.004 Thread 0x00000246c4963210 5470       3       org.gradle.internal.snapshot.VfsRelativePath::isEmpty (20 bytes)
Event: 32.005 Thread 0x00000246c4963210 nmethod 5470 0x00000246afe37410 code [0x00000246afe375c0, 0x00000246afe37820]
Event: 32.005 Thread 0x00000246c4963210 5471       3       org.gradle.internal.snapshot.ChildMap$Entry::withNode (22 bytes)
Event: 32.008 Thread 0x00000246c4963210 nmethod 5471 0x00000246afe37990 code [0x00000246afe37be0, 0x00000246afe38510]
Event: 32.008 Thread 0x00000246c4963210 5472       3       org.gradle.internal.snapshot.ChildMap$Entry$$Lambda/0x000000010053ece8::<init> (10 bytes)
Event: 32.008 Thread 0x00000246c4963210 nmethod 5472 0x00000246afe38890 code [0x00000246afe38a40, 0x00000246afe38bf8]
Event: 32.027 Thread 0x00000246c4963210 5474  s    3       java.lang.invoke.MethodTypeForm::setCachedLambdaForm (44 bytes)
Event: 32.029 Thread 0x00000246c4963210 nmethod 5474 0x00000246afe38c90 code [0x00000246afe38ea0, 0x00000246afe397a8]
Event: 32.134 Thread 0x00000246c4963210 5475       3       java.util.concurrent.ConcurrentHashMap$Traverser::<init> (36 bytes)
Event: 32.134 Thread 0x00000246c4963210 nmethod 5475 0x00000246afe39a90 code [0x00000246afe39c40, 0x00000246afe39e40]
Event: 32.143 Thread 0x00000246c4963210 5476       3       java.lang.invoke.MethodHandles::identity (87 bytes)
Event: 32.145 Thread 0x00000246c4963210 nmethod 5476 0x00000246afe39f10 code [0x00000246afe3a120, 0x00000246afe3a538]
Event: 32.153 Thread 0x00000246c4963210 5477       3       jdk.internal.reflect.Reflection::verifyModuleAccess (24 bytes)
Event: 32.155 Thread 0x00000246c4963210 nmethod 5477 0x00000246afe3a710 code [0x00000246afe3a920, 0x00000246afe3ae38]
Event: 33.567 Thread 0x00000246c4963210 5478       1       org.gradle.internal.concurrent.AbstractManagedExecutor::access$000 (5 bytes)
Event: 33.567 Thread 0x00000246c4963210 nmethod 5478 0x00000246b71ed010 code [0x00000246b71ed1a0, 0x00000246b71ed250]

GC Heap History (20 events):
Event: 12.837 GC heap before
{Heap before GC invocations=5 (full 0):
 garbage-first heap   total 71680K, used 54014K [0x0000000080000000, 0x0000000100000000)
  region size 1024K, 42 young (43008K), 9 survivors (9216K)
 Metaspace       used 27184K, committed 27584K, reserved 1114112K
  class space    used 3386K, committed 3584K, reserved 1048576K
}
Event: 12.867 GC heap after
{Heap after GC invocations=6 (full 0):
 garbage-first heap   total 71680K, used 22173K [0x0000000080000000, 0x0000000100000000)
  region size 1024K, 3 young (3072K), 3 survivors (3072K)
 Metaspace       used 27184K, committed 27584K, reserved 1114112K
  class space    used 3386K, committed 3584K, reserved 1048576K
}
Event: 15.251 GC heap before
{Heap before GC invocations=6 (full 0):
 garbage-first heap   total 71680K, used 55965K [0x0000000080000000, 0x0000000100000000)
  region size 1024K, 36 young (36864K), 3 survivors (3072K)
 Metaspace       used 31538K, committed 32064K, reserved 1114112K
  class space    used 4149K, committed 4416K, reserved 1048576K
}
Event: 15.269 GC heap after
{Heap after GC invocations=7 (full 0):
 garbage-first heap   total 86016K, used 24319K [0x0000000080000000, 0x0000000100000000)
  region size 1024K, 5 young (5120K), 5 survivors (5120K)
 Metaspace       used 31538K, committed 32064K, reserved 1114112K
  class space    used 4149K, committed 4416K, reserved 1048576K
}
Event: 17.201 GC heap before
{Heap before GC invocations=7 (full 0):
 garbage-first heap   total 86016K, used 49919K [0x0000000080000000, 0x0000000100000000)
  region size 1024K, 31 young (31744K), 5 survivors (5120K)
 Metaspace       used 35165K, committed 35968K, reserved 1114112K
  class space    used 4796K, committed 5184K, reserved 1048576K
}
Event: 17.232 GC heap after
{Heap after GC invocations=8 (full 0):
 garbage-first heap   total 86016K, used 26266K [0x0000000080000000, 0x0000000100000000)
  region size 1024K, 5 young (5120K), 5 survivors (5120K)
 Metaspace       used 35165K, committed 35968K, reserved 1114112K
  class space    used 4796K, committed 5184K, reserved 1048576K
}
Event: 20.891 GC heap before
{Heap before GC invocations=9 (full 0):
 garbage-first heap   total 86016K, used 83610K [0x0000000080000000, 0x0000000100000000)
  region size 1024K, 34 young (34816K), 5 survivors (5120K)
 Metaspace       used 38093K, committed 38976K, reserved 1114112K
  class space    used 5242K, committed 5632K, reserved 1048576K
}
Event: 20.913 GC heap after
{Heap after GC invocations=10 (full 0):
 garbage-first heap   total 97280K, used 61957K [0x0000000080000000, 0x0000000100000000)
  region size 1024K, 7 young (7168K), 7 survivors (7168K)
 Metaspace       used 38093K, committed 38976K, reserved 1114112K
  class space    used 5242K, committed 5632K, reserved 1048576K
}
Event: 22.746 GC heap before
{Heap before GC invocations=10 (full 0):
 garbage-first heap   total 97280K, used 83461K [0x0000000080000000, 0x0000000100000000)
  region size 1024K, 28 young (28672K), 7 survivors (7168K)
 Metaspace       used 41311K, committed 42240K, reserved 1114112K
  class space    used 5761K, committed 6208K, reserved 1048576K
}
Event: 22.755 GC heap after
{Heap after GC invocations=11 (full 0):
 garbage-first heap   total 97280K, used 63087K [0x0000000080000000, 0x0000000100000000)
  region size 1024K, 2 young (2048K), 2 survivors (2048K)
 Metaspace       used 41311K, committed 42240K, reserved 1114112K
  class space    used 5761K, committed 6208K, reserved 1048576K
}
Event: 24.424 GC heap before
{Heap before GC invocations=11 (full 0):
 garbage-first heap   total 97280K, used 85615K [0x0000000080000000, 0x0000000100000000)
  region size 1024K, 25 young (25600K), 2 survivors (2048K)
 Metaspace       used 46157K, committed 47168K, reserved 1114112K
  class space    used 6227K, committed 6720K, reserved 1048576K
}
Event: 24.438 GC heap after
{Heap after GC invocations=12 (full 0):
 garbage-first heap   total 97280K, used 66131K [0x0000000080000000, 0x0000000100000000)
  region size 1024K, 4 young (4096K), 4 survivors (4096K)
 Metaspace       used 46157K, committed 47168K, reserved 1114112K
  class space    used 6227K, committed 6720K, reserved 1048576K
}
Event: 25.080 GC heap before
{Heap before GC invocations=13 (full 0):
 garbage-first heap   total 111616K, used 86611K [0x0000000080000000, 0x0000000100000000)
  region size 1024K, 24 young (24576K), 4 survivors (4096K)
 Metaspace       used 46614K, committed 47616K, reserved 1114112K
  class space    used 6304K, committed 6784K, reserved 1048576K
}
Event: 25.096 GC heap after
{Heap after GC invocations=14 (full 0):
 garbage-first heap   total 111616K, used 67589K [0x0000000080000000, 0x0000000100000000)
  region size 1024K, 2 young (2048K), 2 survivors (2048K)
 Metaspace       used 46614K, committed 47616K, reserved 1114112K
  class space    used 6304K, committed 6784K, reserved 1048576K
}
Event: 27.071 GC heap before
{Heap before GC invocations=14 (full 0):
 garbage-first heap   total 111616K, used 102405K [0x0000000080000000, 0x0000000100000000)
  region size 1024K, 32 young (32768K), 2 survivors (2048K)
 Metaspace       used 50755K, committed 51904K, reserved 1114112K
  class space    used 6821K, committed 7360K, reserved 1048576K
}
Event: 27.083 GC heap after
{Heap after GC invocations=15 (full 0):
 garbage-first heap   total 111616K, used 69474K [0x0000000080000000, 0x0000000100000000)
  region size 1024K, 4 young (4096K), 4 survivors (4096K)
 Metaspace       used 50755K, committed 51904K, reserved 1114112K
  class space    used 6821K, committed 7360K, reserved 1048576K
}
Event: 28.773 GC heap before
{Heap before GC invocations=15 (full 0):
 garbage-first heap   total 111616K, used 100194K [0x0000000080000000, 0x0000000100000000)
  region size 1024K, 34 young (34816K), 4 survivors (4096K)
 Metaspace       used 54379K, committed 55808K, reserved 1114112K
  class space    used 7434K, committed 8128K, reserved 1048576K
}
Event: 28.779 GC heap after
{Heap after GC invocations=16 (full 0):
 garbage-first heap   total 111616K, used 71216K [0x0000000080000000, 0x0000000100000000)
  region size 1024K, 4 young (4096K), 4 survivors (4096K)
 Metaspace       used 54379K, committed 55808K, reserved 1114112K
  class space    used 7434K, committed 8128K, reserved 1048576K
}
Event: 31.967 GC heap before
{Heap before GC invocations=17 (full 0):
 garbage-first heap   total 119808K, used 100912K [0x0000000080000000, 0x0000000100000000)
  region size 1024K, 32 young (32768K), 4 survivors (4096K)
 Metaspace       used 57353K, committed 58880K, reserved 1114112K
  class space    used 7948K, committed 8704K, reserved 1048576K
}
Event: 31.972 GC heap after
{Heap after GC invocations=18 (full 0):
 garbage-first heap   total 144384K, used 75609K [0x0000000080000000, 0x0000000100000000)
  region size 1024K, 4 young (4096K), 4 survivors (4096K)
 Metaspace       used 57353K, committed 58880K, reserved 1114112K
  class space    used 7948K, committed 8704K, reserved 1048576K
}

Dll operation events (3 events):
Event: 0.013 Loaded shared library C:\Program Files\Android\Android Studio\jbr\bin\java.dll
Event: 0.019 Loaded shared library C:\Program Files\Android\Android Studio\jbr\bin\zip.dll
Event: 1.867 Loaded shared library C:\Program Files\Android\Android Studio\jbr\bin\verify.dll

Deoptimization events (20 events):
Event: 30.088 Thread 0x00000246ca98e900 Uncommon trap: trap_request=0xffffffde fr.pc=0x00000246b7197af0 relative=0x0000000000000ef0
Event: 30.088 Thread 0x00000246ca98e900 Uncommon trap: reason=class_check action=maybe_recompile pc=0x00000246b7197af0 method=java.util.concurrent.ConcurrentHashMap.putVal(Ljava/lang/Object;Ljava/lang/Object;Z)Ljava/lang/Object; @ 242 c2
Event: 30.088 Thread 0x00000246ca98e900 DEOPT PACKING pc=0x00000246b7197af0 sp=0x000000ca892f7260
Event: 30.089 Thread 0x00000246ca98e900 DEOPT UNPACKING pc=0x00000246b6b146a2 sp=0x000000ca892f71d0 mode 2
Event: 30.197 Thread 0x00000246cbd8a090 Uncommon trap: trap_request=0xffffffde fr.pc=0x00000246b7197af0 relative=0x0000000000000ef0
Event: 30.197 Thread 0x00000246cbd8a090 Uncommon trap: reason=class_check action=maybe_recompile pc=0x00000246b7197af0 method=java.util.concurrent.ConcurrentHashMap.putVal(Ljava/lang/Object;Ljava/lang/Object;Z)Ljava/lang/Object; @ 242 c2
Event: 30.197 Thread 0x00000246cbd8a090 DEOPT PACKING pc=0x00000246b7197af0 sp=0x000000ca8b7fe1e0
Event: 30.197 Thread 0x00000246cbd8a090 DEOPT UNPACKING pc=0x00000246b6b146a2 sp=0x000000ca8b7fe150 mode 2
Event: 30.198 Thread 0x00000246cbd8a090 Uncommon trap: trap_request=0xffffff45 fr.pc=0x00000246b7125038 relative=0x0000000000000178
Event: 30.198 Thread 0x00000246cbd8a090 Uncommon trap: reason=unstable_if action=reinterpret pc=0x00000246b7125038 method=java.util.concurrent.ConcurrentHashMap.addCount(JI)V @ 34 c2
Event: 30.198 Thread 0x00000246cbd8a090 DEOPT PACKING pc=0x00000246b7125038 sp=0x000000ca8b7fdb90
Event: 30.198 Thread 0x00000246cbd8a090 DEOPT UNPACKING pc=0x00000246b6b146a2 sp=0x000000ca8b7fdad0 mode 2
Event: 30.277 Thread 0x00000246ca98e900 DEOPT PACKING pc=0x00000246af9abebf sp=0x000000ca892f55d0
Event: 30.277 Thread 0x00000246ca98e900 DEOPT UNPACKING pc=0x00000246b6b14e42 sp=0x000000ca892f49f0 mode 0
Event: 31.823 Thread 0x00000246ca98e900 Uncommon trap: trap_request=0xffffffde fr.pc=0x00000246b7089f1c relative=0x00000000000002dc
Event: 31.823 Thread 0x00000246ca98e900 Uncommon trap: reason=class_check action=maybe_recompile pc=0x00000246b7089f1c method=java.util.Collections$SetFromMap.remove(Ljava/lang/Object;)Z @ 5 c2
Event: 31.823 Thread 0x00000246ca98e900 DEOPT PACKING pc=0x00000246b7089f1c sp=0x000000ca892f8230
Event: 31.823 Thread 0x00000246ca98e900 DEOPT UNPACKING pc=0x00000246b6b146a2 sp=0x000000ca892f8218 mode 2
Event: 31.926 Thread 0x00000246ca98e900 DEOPT PACKING pc=0x00000246afd267e6 sp=0x000000ca892f6e60
Event: 31.926 Thread 0x00000246ca98e900 DEOPT UNPACKING pc=0x00000246b6b14e42 sp=0x000000ca892f63a8 mode 0

Classes loaded (20 events):
Event: 29.753 Loading class sun/reflect/ReflectionFactory
Event: 29.754 Loading class sun/reflect/ReflectionFactory done
Event: 29.754 Loading class sun/reflect/ReflectionFactory$1
Event: 29.754 Loading class sun/reflect/ReflectionFactory$1 done
Event: 31.830 Loading class java/util/stream/SortedOps
Event: 31.832 Loading class java/util/stream/SortedOps done
Event: 31.832 Loading class java/util/stream/SortedOps$OfRef
Event: 31.832 Loading class java/util/stream/SortedOps$OfRef done
Event: 31.838 Loading class java/util/stream/SortedOps$SizedRefSortingSink
Event: 31.838 Loading class java/util/stream/SortedOps$AbstractRefSortingSink
Event: 31.839 Loading class java/util/stream/SortedOps$AbstractRefSortingSink done
Event: 31.839 Loading class java/util/stream/SortedOps$SizedRefSortingSink done
Event: 31.934 Loading class java/lang/ThreadDeath
Event: 31.935 Loading class java/lang/ThreadDeath done
Event: 31.935 Loading class sun/misc/SharedSecrets
Event: 31.935 Loading class sun/misc/SharedSecrets done
Event: 32.503 Loading class java/lang/Byte$ByteCache
Event: 32.503 Loading class java/lang/Byte$ByteCache done
Event: 32.509 Loading class java/io/FileReader
Event: 32.510 Loading class java/io/FileReader done

Classes unloaded (0 events):
No events

Classes redefined (0 events):
No events

Internal exceptions (20 events):
Event: 29.771 Thread 0x00000246ca98e900 Exception <a 'java/lang/NoSuchMethodError'{0x0000000085ecff18}: 'java.lang.Object java.lang.invoke.Invokers$Holder.linkToTargetMethod(java.lang.Object, java.lang.Object, java.lang.Object, int, java.lang.Object, java.lang.Object)'> (0x0000000085ecff18) 
thrown [s\src\hotspot\share\interpreter\linkResolver.cpp, line 784]
Event: 30.056 Thread 0x00000246ca98e900 Exception <a 'java/lang/NoSuchMethodError'{0x0000000085a69d88}: 'java.lang.Object java.lang.invoke.DirectMethodHandle$Holder.invokeSpecialIFC(java.lang.Object, java.lang.Object, java.lang.Object)'> (0x0000000085a69d88) 
thrown [s\src\hotspot\share\interpreter\linkResolver.cpp, line 784]
Event: 31.897 Thread 0x00000246cb433ad0 Exception <a 'sun/nio/fs/WindowsException'{0x0000000085734228}> (0x0000000085734228) 
thrown [s\src\hotspot\share\prims\jni.cpp, line 537]
Event: 31.898 Thread 0x00000246cb433ad0 Exception <a 'sun/nio/fs/WindowsException'{0x0000000085734970}> (0x0000000085734970) 
thrown [s\src\hotspot\share\prims\jni.cpp, line 537]
Event: 31.902 Thread 0x00000246cb433ad0 Exception <a 'sun/nio/fs/WindowsException'{0x0000000085744b40}> (0x0000000085744b40) 
thrown [s\src\hotspot\share\prims\jni.cpp, line 537]
Event: 31.905 Thread 0x00000246cb433ad0 Exception <a 'sun/nio/fs/WindowsException'{0x0000000085754c88}> (0x0000000085754c88) 
thrown [s\src\hotspot\share\prims\jni.cpp, line 537]
Event: 31.908 Thread 0x00000246cb433ad0 Exception <a 'sun/nio/fs/WindowsException'{0x00000000857629f8}> (0x00000000857629f8) 
thrown [s\src\hotspot\share\prims\jni.cpp, line 537]
Event: 31.922 Thread 0x00000246ca98e900 Exception <a 'java/lang/ClassNotFoundException'{0x00000000857a7538}: sync_studio_tooling9_5i4lfjrlde8q560039y3wggt8BeanInfo> (0x00000000857a7538) 
thrown [s\src\hotspot\share\classfile\systemDictionary.cpp, line 312]
Event: 31.922 Thread 0x00000246ca98e900 Exception <a 'java/lang/ClassNotFoundException'{0x00000000857af0e8}: sync_studio_tooling9_5i4lfjrlde8q560039y3wggt8Customizer> (0x00000000857af0e8) 
thrown [s\src\hotspot\share\classfile\systemDictionary.cpp, line 312]
Event: 31.935 Thread 0x00000246ca98e900 Exception <a 'java/lang/ClassNotFoundException'{0x0000000085636848}: sun/misc/SharedSecrets> (0x0000000085636848) 
thrown [s\src\hotspot\share\classfile\systemDictionary.cpp, line 312]
Event: 31.935 Thread 0x00000246ca98e900 Exception <a 'java/lang/ClassNotFoundException'{0x0000000085637b90}: org/gradle/util/GradleVersionBeanInfo> (0x0000000085637b90) 
thrown [s\src\hotspot\share\classfile\systemDictionary.cpp, line 312]
Event: 31.936 Thread 0x00000246ca98e900 Exception <a 'java/lang/ClassNotFoundException'{0x00000000856480a0}: org/gradle/util/GradleVersionCustomizer> (0x00000000856480a0) 
thrown [s\src\hotspot\share\classfile\systemDictionary.cpp, line 312]
Event: 31.943 Thread 0x00000246ca98e900 Exception <a 'java/lang/ClassNotFoundException'{0x000000008568c158}: org/gradle/util/internal/DefaultGradleVersionBeanInfo> (0x000000008568c158) 
thrown [s\src\hotspot\share\classfile\systemDictionary.cpp, line 312]
Event: 31.944 Thread 0x00000246ca98e900 Exception <a 'java/lang/ClassNotFoundException'{0x000000008569cf10}: org/gradle/util/internal/DefaultGradleVersionCustomizer> (0x000000008569cf10) 
thrown [s\src\hotspot\share\classfile\systemDictionary.cpp, line 312]
Event: 31.954 Thread 0x00000246ca98e900 Exception <a 'java/lang/ClassNotFoundException'{0x0000000085516060}: org/gradle/invocation/DefaultGradle$DefaultGradleLifecycle_DecoratedBeanInfo> (0x0000000085516060) 
thrown [s\src\hotspot\share\classfile\systemDictionary.cpp, line 312]
Event: 31.955 Thread 0x00000246ca98e900 Exception <a 'java/lang/ClassNotFoundException'{0x0000000085527938}: org/gradle/invocation/DefaultGradle$DefaultGradleLifecycleBeanInfo> (0x0000000085527938) 
thrown [s\src\hotspot\share\classfile\systemDictionary.cpp, line 312]
Event: 31.956 Thread 0x00000246ca98e900 Exception <a 'java/lang/ClassNotFoundException'{0x0000000085538b18}: org/gradle/invocation/DefaultGradle$DefaultGradleLifecycleCustomizer> (0x0000000085538b18) 
thrown [s\src\hotspot\share\classfile\systemDictionary.cpp, line 312]
Event: 31.958 Thread 0x00000246ca98e900 Exception <a 'java/lang/ClassNotFoundException'{0x000000008554deb8}: org/gradle/invocation/DefaultGradle$DefaultGradleLifecycle_DecoratedCustomizer> (0x000000008554deb8) 
thrown [s\src\hotspot\share\classfile\systemDictionary.cpp, line 312]
Event: 31.984 Thread 0x00000246ca98e900 Exception <a 'java/lang/IncompatibleClassChangeError'{0x0000000088897b38}: Found class java.lang.Object, but interface was expected> (0x0000000088897b38) 
thrown [s\src\hotspot\share\interpreter\linkResolver.cpp, line 851]
Event: 32.160 Thread 0x00000246ca98e900 Exception <a 'java/lang/NoSuchMethodError'{0x0000000088525df8}: 'void java.lang.invoke.Invokers$Holder.invokeExact_MT(java.lang.Object, java.lang.Object, java.lang.Object, java.lang.Object)'> (0x0000000088525df8) 
thrown [s\src\hotspot\share\interpreter\linkResolver.cpp, line 784]

ZGC Phase Switch (0 events):
No events

VM Operations (20 events):
Event: 28.343 Executing VM operation: HandshakeAllThreads (Deoptimize)
Event: 28.344 Executing VM operation: HandshakeAllThreads (Deoptimize) done
Event: 28.773 Executing VM operation: G1CollectForAllocation (G1 Evacuation Pause)
Event: 28.779 Executing VM operation: G1CollectForAllocation (G1 Evacuation Pause) done
Event: 28.805 Executing VM operation: G1PauseRemark
Event: 28.808 Executing VM operation: G1PauseRemark done
Event: 28.816 Executing VM operation: G1PauseCleanup
Event: 28.816 Executing VM operation: G1PauseCleanup done
Event: 29.296 Executing VM operation: HandshakeAllThreads (Deoptimize)
Event: 29.296 Executing VM operation: HandshakeAllThreads (Deoptimize) done
Event: 29.696 Executing VM operation: HandshakeAllThreads (Deoptimize)
Event: 29.697 Executing VM operation: HandshakeAllThreads (Deoptimize) done
Event: 30.711 Executing VM operation: Cleanup
Event: 30.711 Executing VM operation: Cleanup done
Event: 31.725 Executing VM operation: Cleanup
Event: 31.725 Executing VM operation: Cleanup done
Event: 31.967 Executing VM operation: G1CollectForAllocation (G1 Evacuation Pause)
Event: 31.972 Executing VM operation: G1CollectForAllocation (G1 Evacuation Pause) done
Event: 32.977 Executing VM operation: Cleanup
Event: 33.566 Executing VM operation: Cleanup done

Memory protections (0 events):
No events

Nmethod flushes (20 events):
Event: 28.807 Thread 0x00000246c476e580 flushing  nmethod 0x00000246afbf7090
Event: 28.807 Thread 0x00000246c476e580 flushing  nmethod 0x00000246afbf7910
Event: 28.807 Thread 0x00000246c476e580 flushing  nmethod 0x00000246b7132990
Event: 28.807 Thread 0x00000246c476e580 flushing  nmethod 0x00000246b7189310
Event: 28.807 Thread 0x00000246c476e580 flushing  nmethod 0x00000246af5ca510
Event: 28.807 Thread 0x00000246c476e580 flushing  nmethod 0x00000246af635590
Event: 28.807 Thread 0x00000246c476e580 flushing  nmethod 0x00000246af731190
Event: 28.807 Thread 0x00000246c476e580 flushing  nmethod 0x00000246af761610
Event: 28.807 Thread 0x00000246c476e580 flushing  nmethod 0x00000246af764110
Event: 28.807 Thread 0x00000246c476e580 flushing  nmethod 0x00000246af7e7090
Event: 28.807 Thread 0x00000246c476e580 flushing  nmethod 0x00000246af7e8790
Event: 28.807 Thread 0x00000246c476e580 flushing  nmethod 0x00000246af7f6810
Event: 28.807 Thread 0x00000246c476e580 flushing  nmethod 0x00000246af885910
Event: 28.807 Thread 0x00000246c476e580 flushing  nmethod 0x00000246afa1db90
Event: 28.807 Thread 0x00000246c476e580 flushing  nmethod 0x00000246afa1ea90
Event: 28.807 Thread 0x00000246c476e580 flushing  nmethod 0x00000246afa21010
Event: 28.807 Thread 0x00000246c476e580 flushing  nmethod 0x00000246afa8e310
Event: 28.807 Thread 0x00000246c476e580 flushing  nmethod 0x00000246afa8fc10
Event: 28.807 Thread 0x00000246c476e580 flushing  nmethod 0x00000246afb8a010
Event: 28.807 Thread 0x00000246c476e580 flushing  nmethod 0x00000246afc40490

Events (20 events):
Event: 22.429 Thread 0x00000246c4942750 Thread added: 0x00000246cb0a0e80
Event: 22.919 Thread 0x00000246cb0a0e80 Thread exited: 0x00000246cb0a0e80
Event: 23.990 Thread 0x00000246c4963210 Thread added: 0x00000246cc0d3560
Event: 24.029 Thread 0x00000246c4963210 Thread added: 0x00000246cd98eec0
Event: 24.965 Thread 0x00000246ca98e900 Thread added: 0x00000246cb437c70
Event: 25.077 Thread 0x00000246ca98e900 Thread added: 0x00000246cb4368c0
Event: 25.703 Thread 0x00000246cd98eec0 Thread exited: 0x00000246cd98eec0
Event: 25.703 Thread 0x00000246cc0d3560 Thread exited: 0x00000246cc0d3560
Event: 26.315 Thread 0x00000246c4963210 Thread added: 0x00000246c91288a0
Event: 26.454 Thread 0x00000246c4963210 Thread added: 0x00000246cd7c1080
Event: 27.114 Thread 0x00000246ca98e900 Thread added: 0x00000246cbd8c160
Event: 27.349 Thread 0x00000246ca98e900 Thread added: 0x00000246cbd8ce80
Event: 29.383 Thread 0x00000246cd7c1080 Thread exited: 0x00000246cd7c1080
Event: 29.864 Thread 0x00000246ca98e900 Thread added: 0x00000246cbd8c7f0
Event: 29.868 Thread 0x00000246ca98e900 Thread added: 0x00000246cbd8b440
Event: 29.957 Thread 0x00000246c4963210 Thread added: 0x00000246cdafe5f0
Event: 30.059 Thread 0x00000246ca98e900 Thread added: 0x00000246cbd8a090
Event: 30.062 Thread 0x00000246ca98e900 Thread added: 0x00000246cbd8dba0
Event: 30.946 Thread 0x00000246cdafe5f0 Thread exited: 0x00000246cdafe5f0
Event: 31.215 Thread 0x00000246c91288a0 Thread exited: 0x00000246c91288a0


Dynamic libraries:
0x00007ff6e3df0000 - 0x00007ff6e3dfa000 	C:\Program Files\Android\Android Studio\jbr\bin\java.exe
0x00007ff9cbca0000 - 0x00007ff9cbf07000 	C:\Windows\SYSTEM32\ntdll.dll
0x00007ff9cac80000 - 0x00007ff9cad49000 	C:\Windows\System32\KERNEL32.DLL
0x00007ff9c9440000 - 0x00007ff9c9830000 	C:\Windows\System32\KERNELBASE.dll
0x00007ff9c8e60000 - 0x00007ff9c8fab000 	C:\Windows\System32\ucrtbase.dll
0x00007ff9a40c0000 - 0x00007ff9a40d8000 	C:\Program Files\Android\Android Studio\jbr\bin\jli.dll
0x00007ff9a3fc0000 - 0x00007ff9a3fdb000 	C:\Program Files\Android\Android Studio\jbr\bin\VCRUNTIME140.dll
0x00007ff9ca240000 - 0x00007ff9ca405000 	C:\Windows\System32\USER32.dll
0x00007ff9c9370000 - 0x00007ff9c9397000 	C:\Windows\System32\win32u.dll
0x00007ff9ab2f0000 - 0x00007ff9ab58a000 	C:\Windows\WinSxS\amd64_microsoft.windows.common-controls_6595b64144ccf1df_6.0.26100.4768_none_3e0c112ce331287c\COMCTL32.dll
0x00007ff9cba40000 - 0x00007ff9cba6b000 	C:\Windows\System32\GDI32.dll
0x00007ff9cad60000 - 0x00007ff9cae09000 	C:\Windows\System32\msvcrt.dll
0x00007ff9c98f0000 - 0x00007ff9c9a28000 	C:\Windows\System32\gdi32full.dll
0x00007ff9c9840000 - 0x00007ff9c98e3000 	C:\Windows\System32\msvcp_win.dll
0x00007ff9cb280000 - 0x00007ff9cb2af000 	C:\Windows\System32\IMM32.DLL
0x00007ff9b6ac0000 - 0x00007ff9b6acc000 	C:\Program Files\Android\Android Studio\jbr\bin\vcruntime140_1.dll
0x00007ff985570000 - 0x00007ff9855fd000 	C:\Program Files\Android\Android Studio\jbr\bin\msvcp140.dll
0x00007ff9444d0000 - 0x00007ff94515e000 	C:\Program Files\Android\Android Studio\jbr\bin\server\jvm.dll
0x00007ff9c9c60000 - 0x00007ff9c9d14000 	C:\Windows\System32\ADVAPI32.dll
0x00007ff9caea0000 - 0x00007ff9caf46000 	C:\Windows\System32\sechost.dll
0x00007ff9caf50000 - 0x00007ff9cb068000 	C:\Windows\System32\RPCRT4.dll
0x00007ff9cb750000 - 0x00007ff9cb7c4000 	C:\Windows\System32\WS2_32.dll
0x00007ff9c8c30000 - 0x00007ff9c8c8e000 	C:\Windows\SYSTEM32\POWRPROF.dll
0x00007ff9bb6f0000 - 0x00007ff9bb6fb000 	C:\Windows\SYSTEM32\VERSION.dll
0x00007ff9ac210000 - 0x00007ff9ac245000 	C:\Windows\SYSTEM32\WINMM.dll
0x00007ff9c8c10000 - 0x00007ff9c8c24000 	C:\Windows\SYSTEM32\UMPDC.dll
0x00007ff9c7b20000 - 0x00007ff9c7b3b000 	C:\Windows\SYSTEM32\kernel.appcore.dll
0x00007ff9a4030000 - 0x00007ff9a403a000 	C:\Program Files\Android\Android Studio\jbr\bin\jimage.dll
0x00007ff9ab700000 - 0x00007ff9ab941000 	C:\Windows\SYSTEM32\DBGHELP.DLL
0x00007ff9c9e30000 - 0x00007ff9ca1b5000 	C:\Windows\System32\combase.dll
0x00007ff9cbb70000 - 0x00007ff9cbc50000 	C:\Windows\System32\OLEAUT32.dll
0x00007ff99ace0000 - 0x00007ff99ad23000 	C:\Windows\SYSTEM32\dbgcore.DLL
0x00007ff9c93a0000 - 0x00007ff9c9439000 	C:\Windows\System32\bcryptPrimitives.dll
0x00007ff9c3130000 - 0x00007ff9c313e000 	C:\Program Files\Android\Android Studio\jbr\bin\instrument.dll
0x00007ff9a3fa0000 - 0x00007ff9a3fc0000 	C:\Program Files\Android\Android Studio\jbr\bin\java.dll
0x00007ff9a3f80000 - 0x00007ff9a3f98000 	C:\Program Files\Android\Android Studio\jbr\bin\zip.dll
0x00007ff9ca4c0000 - 0x00007ff9cac0d000 	C:\Windows\System32\SHELL32.dll
0x00007ff9c9130000 - 0x00007ff9c92a3000 	C:\Windows\System32\wintypes.dll
0x00007ff9c6990000 - 0x00007ff9c71f0000 	C:\Windows\SYSTEM32\windows.storage.dll
0x00007ff9c9d30000 - 0x00007ff9c9e25000 	C:\Windows\System32\SHCORE.dll
0x00007ff9cb1f0000 - 0x00007ff9cb25a000 	C:\Windows\System32\shlwapi.dll
0x00007ff9c8cf0000 - 0x00007ff9c8d19000 	C:\Windows\SYSTEM32\profapi.dll
0x00007ff9a3f70000 - 0x00007ff9a3f80000 	C:\Program Files\Android\Android Studio\jbr\bin\net.dll
0x00007ff9c13d0000 - 0x00007ff9c14ee000 	C:\Windows\SYSTEM32\WINHTTP.dll
0x00007ff9c80c0000 - 0x00007ff9c812b000 	C:\Windows\system32\mswsock.dll
0x00007ff99a950000 - 0x00007ff99a966000 	C:\Program Files\Android\Android Studio\jbr\bin\nio.dll
0x00007ff99a430000 - 0x00007ff99a440000 	C:\Program Files\Android\Android Studio\jbr\bin\verify.dll
0x00007ff99f0d0000 - 0x00007ff99f0f7000 	C:\Users\deepa\.gradle\native\1def1411415f61bf3af743bc5b6707747c0891f09f0c88961ee8f79bc544acac\windows-amd64\native-platform.dll
0x00007ff991f90000 - 0x00007ff992008000 	C:\Users\deepa\.gradle\native\0.2.7\x86_64-windows-gnu\gradle-fileevents.dll
0x00007ff99acb0000 - 0x00007ff99acb9000 	C:\Program Files\Android\Android Studio\jbr\bin\management.dll
0x00007ff99a870000 - 0x00007ff99a87b000 	C:\Program Files\Android\Android Studio\jbr\bin\management_ext.dll
0x00007ff9cac70000 - 0x00007ff9cac78000 	C:\Windows\System32\PSAPI.DLL
0x00007ff9c7500000 - 0x00007ff9c7533000 	C:\Windows\SYSTEM32\IPHLPAPI.DLL
0x00007ff9cb1e0000 - 0x00007ff9cb1ea000 	C:\Windows\System32\NSI.dll
0x00007ff99ee90000 - 0x00007ff99ee99000 	C:\Program Files\Android\Android Studio\jbr\bin\extnet.dll
0x00007ff9c83a0000 - 0x00007ff9c83bb000 	C:\Windows\SYSTEM32\CRYPTSP.dll
0x00007ff9c7a70000 - 0x00007ff9c7aab000 	C:\Windows\system32\rsaenh.dll
0x00007ff9c8160000 - 0x00007ff9c818b000 	C:\Windows\SYSTEM32\USERENV.dll
0x00007ff9c8cc0000 - 0x00007ff9c8ce6000 	C:\Windows\SYSTEM32\bcrypt.dll
0x00007ff9c83c0000 - 0x00007ff9c83cc000 	C:\Windows\SYSTEM32\CRYPTBASE.dll
0x00007ff996cc0000 - 0x00007ff996cc8000 	C:\Windows\system32\wshunix.dll

dbghelp: loaded successfully - version: 4.0.5 - missing functions: none
symbol engine: initialized successfully - sym options: 0x614 - pdb path: .;C:\Program Files\Android\Android Studio\jbr\bin;C:\Windows\SYSTEM32;C:\Windows\WinSxS\amd64_microsoft.windows.common-controls_6595b64144ccf1df_6.0.26100.4768_none_3e0c112ce331287c;C:\Program Files\Android\Android Studio\jbr\bin\server;C:\Users\deepa\.gradle\native\1def1411415f61bf3af743bc5b6707747c0891f09f0c88961ee8f79bc544acac\windows-amd64;C:\Users\deepa\.gradle\native\0.2.7\x86_64-windows-gnu

VM Arguments:
jvm_args: --add-opens=java.base/java.lang=ALL-UNNAMED --add-opens=java.base/java.lang.invoke=ALL-UNNAMED --add-opens=java.base/java.util=ALL-UNNAMED --add-opens=java.prefs/java.util.prefs=ALL-UNNAMED --add-exports=jdk.compiler/com.sun.tools.javac.api=ALL-UNNAMED --add-exports=jdk.compiler/com.sun.tools.javac.util=ALL-UNNAMED --add-opens=java.base/java.util=ALL-UNNAMED --add-opens=java.prefs/java.util.prefs=ALL-UNNAMED --add-opens=java.base/java.nio.charset=ALL-UNNAMED --add-opens=java.base/java.net=ALL-UNNAMED --add-opens=java.base/java.util.concurrent.atomic=ALL-UNNAMED --add-opens=java.xml/javax.xml.namespace=ALL-UNNAMED -Xmx2048m -Dfile.encoding=UTF-8 -Duser.country=US -Duser.language=en -Duser.variant -javaagent:C:\Users\deepa\.gradle\wrapper\dists\gradle-8.13-bin\5xuhj0ry160q40clulazy9h7d\gradle-8.13\lib\agents\gradle-instrumentation-agent-8.13.jar 
java_command: org.gradle.launcher.daemon.bootstrap.GradleDaemon 8.13
java_class_path (initial): C:\Users\deepa\.gradle\wrapper\dists\gradle-8.13-bin\5xuhj0ry160q40clulazy9h7d\gradle-8.13\lib\gradle-daemon-main-8.13.jar
Launcher Type: SUN_STANDARD

[Global flags]
     intx CICompilerCount                          = 4                                         {product} {ergonomic}
     uint ConcGCThreads                            = 3                                         {product} {ergonomic}
     uint G1ConcRefinementThreads                  = 10                                        {product} {ergonomic}
   size_t G1HeapRegionSize                         = 1048576                                   {product} {ergonomic}
    uintx GCDrainStackTargetSize                   = 64                                        {product} {ergonomic}
   size_t InitialHeapSize                          = 132120576                                 {product} {ergonomic}
   size_t MarkStackSize                            = 4194304                                   {product} {ergonomic}
   size_t MaxHeapSize                              = 2147483648                                {product} {command line}
   size_t MaxNewSize                               = 1287651328                                {product} {ergonomic}
   size_t MinHeapDeltaBytes                        = 1048576                                   {product} {ergonomic}
   size_t MinHeapSize                              = 8388608                                   {product} {ergonomic}
    uintx NonNMethodCodeHeapSize                   = 5839372                                {pd product} {ergonomic}
    uintx NonProfiledCodeHeapSize                  = 122909434                              {pd product} {ergonomic}
    uintx ProfiledCodeHeapSize                     = 122909434                              {pd product} {ergonomic}
    uintx ReservedCodeCacheSize                    = 251658240                              {pd product} {ergonomic}
     bool SegmentedCodeCache                       = true                                      {product} {ergonomic}
   size_t SoftMaxHeapSize                          = 2147483648                             {manageable} {ergonomic}
     bool UseCompressedOops                        = true                           {product lp64_product} {ergonomic}
     bool UseG1GC                                  = true                                      {product} {ergonomic}
     bool UseLargePagesIndividualAllocation        = false                                  {pd product} {ergonomic}

Logging:
Log output configuration:
 #0: stdout all=warning uptime,level,tags foldmultilines=false
 #1: stderr all=off uptime,level,tags foldmultilines=false

Environment Variables:
PATH=C:\Program Files\Common Files\Oracle\Java\javapath;C:\Windows\system32;C:\Windows;C:\Windows\System32\Wbem;C:\Windows\System32\WindowsPowerShell\v1.0\;C:\Windows\System32\OpenSSH\;C:\Program Files\dotnet\;C:\Program Files\Docker\Docker\resources\bin;C:\Program Files\Git\cmd;D:\Software Directory\;C:\ProgramData\chocolatey\bin;C:\Release-25.07.0-0\poppler-25.07.0\Library\bin;C:\Users\deepa\AppData\Local\Programs\Python\Launcher\;C:\Users\deepa\AppData\Local\Microsoft\WindowsApps;C:\Users\deepa\AppData\Local\GitHubDesktop\bin;D:\Software Directory\PyCharm 2025.1.1.1\bin;C:\Users\deepa\AppData\Roaming\Microsoft\Windows\Start Menu\Programs\Python 3.10;;D:\Software Directory\IntelliJ IDEA 2025.1.2\bin;;D:\Software Directory\cursor\resources\app\bin;D:\Software Directory\.jdks\ms-17.0.15;C:\Users\deepa\AppData\Local\Programs\Microsoft VS Code\bin;C:\Users\deepa\AppData\Roaming\npm;C:\poppler\Library\bin;C:\Release-25.07.0-0\poppler-25.07.0\Library\bin;C:\Program Files\Tesseract-OCR;
USERNAME=deepa
OS=Windows_NT
PROCESSOR_IDENTIFIER=Intel64 Family 6 Model 165 Stepping 2, GenuineIntel
TMP=C:\Users\deepa\AppData\Local\Temp
TEMP=C:\Users\deepa\AppData\Local\Temp




Periodic native trim disabled

JNI global refs:
JNI global refs: 26, weak refs: 2

JNI global refs memory usage: 835, weak refs: 833

Process memory usage:
Resident Set Size: 304880K (3% of 8206124K total physical memory with 1133480K free physical memory)

OOME stack traces (most recent first):
Classloader memory used:
Loader org.gradle.internal.classloader.VisitableURLClassLoader                         : 28964K
Loader bootstrap                                                                       : 22527K
Loader org.gradle.initialization.MixInLegacyTypesClassLoader                           : 6493K
Loader org.gradle.internal.classloader.VisitableURLClassLoader                         : 722K
Loader jdk.internal.loader.ClassLoaders$PlatformClassLoader                            : 497K
Loader jdk.internal.loader.ClassLoaders$AppClassLoader                                 : 235K
Loader jdk.internal.reflect.DelegatingClassLoader                                      : 161K
Loader org.gradle.groovy.scripts.internal.DefaultScriptCompilationHandler$ScriptClassLoader: 49808B
Loader org.codehaus.groovy.runtime.callsite.CallSiteClassLoader                        : 17640B

Classes loaded by more than one classloader:
Class org.gradle.api.GradleException                                                  : loaded 3 times (x 80B)
Class org.gradle.internal.classloader.FilteringClassLoader                            : loaded 2 times (x 103B)
Class org.gradle.internal.classloader.ClassLoaderHierarchy                            : loaded 2 times (x 68B)
Class org.gradle.api.internal.classpath.ManifestUtil                                  : loaded 2 times (x 69B)
Class org.gradle.internal.operations.MultipleBuildOperationFailures                   : loaded 2 times (x 93B)
Class org.gradle.internal.classloader.DefaultClassLoaderFactory                       : loaded 2 times (x 80B)
Class kotlin.collections.AbstractList$Companion                                       : loaded 2 times (x 69B)
Class org.gradle.internal.classloader.ClassLoaderVisitor                              : loaded 2 times (x 74B)
Class org.gradle.api.internal.classpath.EffectiveClassPath                            : loaded 2 times (x 88B)
Class org.gradle.api.internal.DefaultClassPathProvider                                : loaded 2 times (x 74B)
Class [Lorg.gradle.api.internal.ClassPathProvider;                                    : loaded 2 times (x 67B)
Class org.gradle.api.internal.ClassPathProvider                                       : loaded 2 times (x 68B)
Class org.gradle.internal.service.UnknownServiceException                             : loaded 2 times (x 81B)
Class org.gradle.internal.classpath.TransformedClassPath                              : loaded 2 times (x 94B)
Class org.gradle.internal.classloader.InstrumentingClassLoader                        : loaded 2 times (x 68B)
Class kotlin.enums.EnumEntriesList                                                    : loaded 2 times (x 221B)
Class org.gradle.internal.service.ServiceLocator                                      : loaded 2 times (x 68B)
Class org.gradle.internal.InternalTransformer                                         : loaded 2 times (x 68B)
Class org.gradle.internal.time.DefaultTimer                                           : loaded 2 times (x 78B)
Class org.gradle.internal.classloader.ClasspathUtil$1                                 : loaded 2 times (x 74B)
Class org.gradle.api.internal.classpath.DefaultModuleRegistry$DefaultModule           : loaded 2 times (x 84B)
Class org.gradle.internal.time.DefaultCountdownTimer                                  : loaded 2 times (x 86B)
Class kotlin.Function                                                                 : loaded 2 times (x 68B)
Class org.gradle.api.internal.classpath.Module                                        : loaded 2 times (x 68B)
Class org.gradle.api.internal.classpath.UnknownModuleException                        : loaded 2 times (x 80B)
Class org.gradle.api.internal.DefaultClassPathRegistry                                : loaded 2 times (x 74B)
Class org.gradle.api.internal.ClassPathRegistry                                       : loaded 2 times (x 68B)
Class org.gradle.internal.classpath.DefaultClassPath$ImmutableUniqueList              : loaded 2 times (x 197B)
Class org.gradle.internal.classpath.ClassPath                                         : loaded 2 times (x 68B)
Class org.gradle.api.UncheckedIOException                                             : loaded 2 times (x 80B)
Class kotlin.UninitializedPropertyAccessException                                     : loaded 2 times (x 80B)
Class org.gradle.internal.installation.GradleInstallation$1                           : loaded 2 times (x 73B)
Class org.gradle.api.internal.classpath.ModuleRegistry                                : loaded 2 times (x 68B)
Class org.gradle.api.internal.classpath.DefaultModuleRegistry                         : loaded 2 times (x 84B)
Class org.gradle.internal.time.MonotonicClock                                         : loaded 2 times (x 75B)
Class org.gradle.internal.service.ServiceLookupException                              : loaded 2 times (x 80B)
Class org.gradle.internal.classloader.ClassLoaderFactory                              : loaded 2 times (x 68B)
Class org.gradle.internal.service.CachingServiceLocator                               : loaded 2 times (x 80B)
Class org.gradle.internal.time.TimeSource                                             : loaded 2 times (x 68B)
Class kotlin.enums.EnumEntries                                                        : loaded 2 times (x 68B)
Class org.gradle.internal.exceptions.ResolutionProvider                               : loaded 2 times (x 68B)
Class org.gradle.internal.classloader.ClasspathUtil                                   : loaded 2 times (x 69B)
Class org.gradle.internal.time.TimeSource$1                                           : loaded 2 times (x 75B)
Class org.gradle.api.specs.Spec                                                       : loaded 2 times (x 68B)
Class org.gradle.internal.time.Clock                                                  : loaded 2 times (x 68B)
Class kotlin.collections.AbstractList                                                 : loaded 2 times (x 195B)
Class kotlin.collections.AbstractCollection                                           : loaded 2 times (x 115B)
Class org.gradle.internal.classloader.VisitableURLClassLoader$InstrumentingVisitableURLClassLoader: loaded 2 times (x 121B)
Class org.gradle.internal.classloader.VisitableURLClassLoader$Spec                    : loaded 2 times (x 72B)
Class org.gradle.internal.classpath.DefaultClassPath                                  : loaded 2 times (x 88B)
Class org.gradle.internal.classloader.ClassLoaderSpec                                 : loaded 2 times (x 69B)
Class org.gradle.internal.classloader.VisitableURLClassLoader                         : loaded 2 times (x 115B)
Class org.gradle.internal.Cast                                                        : loaded 2 times (x 69B)
Class org.gradle.api.Action                                                           : loaded 2 times (x 68B)
Class kotlin.jvm.functions.Function1                                                  : loaded 2 times (x 68B)
Class org.gradle.internal.classpath.DefaultClassPath$ImmutableUniqueList$Builder      : loaded 2 times (x 73B)
Class kotlin.NotImplementedError                                                      : loaded 2 times (x 80B)
Class org.gradle.internal.exceptions.NonGradleCauseExceptionsHolder                   : loaded 2 times (x 68B)
Class kotlin.enums.EnumEntriesKt                                                      : loaded 2 times (x 69B)
Class org.gradle.internal.IoActions                                                   : loaded 2 times (x 69B)
Class org.gradle.internal.classloader.SystemClassLoaderSpec                           : loaded 2 times (x 69B)
Class org.gradle.internal.exceptions.MultiCauseException                              : loaded 2 times (x 68B)
Class org.gradle.internal.time.CountdownTimer                                         : loaded 2 times (x 68B)
Class kotlin.jvm.internal.Intrinsics                                                  : loaded 2 times (x 69B)
Class org.gradle.tooling.model.ProjectModel                                           : loaded 2 times (x 68B)
Class kotlin.KotlinNullPointerException                                               : loaded 2 times (x 81B)
Class org.gradle.internal.exceptions.DefaultMultiCauseException                       : loaded 2 times (x 93B)
Class org.gradle.internal.time.Time                                                   : loaded 2 times (x 69B)
Class org.gradle.api.internal.classpath.GlobalCacheRootsProvider                      : loaded 2 times (x 68B)
Class org.gradle.internal.time.Timer                                                  : loaded 2 times (x 68B)
Class kotlin.jvm.internal.markers.KMappedMarker                                       : loaded 2 times (x 68B)
Class org.gradle.internal.installation.CurrentGradleInstallationLocator               : loaded 2 times (x 69B)
Class org.gradle.internal.service.DefaultServiceLocator                               : loaded 2 times (x 81B)
Class org.gradle.util.GradleVersion                                                   : loaded 2 times (x 77B)
Class org.gradle.internal.installation.CurrentGradleInstallation                      : loaded 2 times (x 71B)
Class sync_studio_tooling9_5i4lfjrlde8q560039y3wggt8                                  : loaded 2 times (x 177B)
Class org.gradle.util.internal.GUtil                                                  : loaded 2 times (x 69B)
Class org.gradle.internal.installation.GradleInstallation                             : loaded 2 times (x 73B)

---------------  S Y S T E M  ---------------

OS:
 Windows 11 , 64 bit Build 26100 (10.0.26100.4768)
OS uptime: 2 days 8:20 hours
Hyper-V role detected

CPU: total 12 (initial active 12) (6 cores per cpu, 2 threads per core) family 6 model 165 stepping 2 microcode 0xe2, cx8, cmov, fxsr, ht, mmx, 3dnowpref, sse, sse2, sse3, ssse3, sse4.1, sse4.2, popcnt, lzcnt, tsc, tscinvbit, avx, avx2, aes, erms, clmul, bmi1, bmi2, adx, fma, vzeroupper, clflush, clflushopt, hv, rdtscp, f16c
Processor Information for the first 12 processors :
  Max Mhz: 2496, Current Mhz: 2496, Mhz Limit: 2496

Memory: 4k page, system-wide physical 8013M (1092M free)
TotalPageFile size 32589M (AvailPageFile size 12M)
current process WorkingSet (physical memory assigned to process): 303M, peak: 303M
current process commit charge ("private bytes"): 364M, peak: 364M

vm_info: OpenJDK 64-Bit Server VM (21.0.7+-13880790-b1038.58) for windows-amd64 JRE (21.0.7+-13880790-b1038.58), built on 2025-08-04T20:56:21Z by "builder" with MS VC++ 16.10 / 16.11 (VS2019)

END.
